Component: Arm Compiler for Embedded 6.21 Tool: armlink [5ec1fa00]

==============================================================================

Section Cross References

    startup_stm32f407xx.o(STACK) refers (Special) to heapauxi.o(.text) for __use_two_region_memory
    startup_stm32f407xx.o(HEAP) refers (Special) to heapauxi.o(.text) for __use_two_region_memory
    startup_stm32f407xx.o(RESET) refers (Special) to heapauxi.o(.text) for __use_two_region_memory
    startup_stm32f407xx.o(RESET) refers to startup_stm32f407xx.o(STACK) for __initial_sp
    startup_stm32f407xx.o(RESET) refers to startup_stm32f407xx.o(.text) for Reset_Handler
    startup_stm32f407xx.o(RESET) refers to stm32f4xx_it.o(.text.NMI_Handler) for NMI_Handler
    startup_stm32f407xx.o(RESET) refers to stm32f4xx_it.o(.text.HardFault_Handler) for HardFault_Handler
    startup_stm32f407xx.o(RESET) refers to stm32f4xx_it.o(.text.MemManage_Handler) for MemManage_Handler
    startup_stm32f407xx.o(RESET) refers to stm32f4xx_it.o(.text.BusFault_Handler) for BusFault_Handler
    startup_stm32f407xx.o(RESET) refers to stm32f4xx_it.o(.text.UsageFault_Handler) for UsageFault_Handler
    startup_stm32f407xx.o(RESET) refers to stm32f4xx_it.o(.text.SVC_Handler) for SVC_Handler
    startup_stm32f407xx.o(RESET) refers to stm32f4xx_it.o(.text.DebugMon_Handler) for DebugMon_Handler
    startup_stm32f407xx.o(RESET) refers to stm32f4xx_it.o(.text.PendSV_Handler) for PendSV_Handler
    startup_stm32f407xx.o(RESET) refers to stm32f4xx_it.o(.text.SysTick_Handler) for SysTick_Handler
    startup_stm32f407xx.o(RESET) refers to stm32f4xx_it.o(.text.DMA1_Stream0_IRQHandler) for DMA1_Stream0_IRQHandler
    startup_stm32f407xx.o(RESET) refers to stm32f4xx_it.o(.text.DMA1_Stream3_IRQHandler) for DMA1_Stream3_IRQHandler
    startup_stm32f407xx.o(RESET) refers to stm32f4xx_it.o(.text.OTG_FS_IRQHandler) for OTG_FS_IRQHandler
    startup_stm32f407xx.o(.text) refers (Special) to heapauxi.o(.text) for __use_two_region_memory
    startup_stm32f407xx.o(.text) refers to system_stm32f4xx.o(.text.SystemInit) for SystemInit
    startup_stm32f407xx.o(.text) refers to __main.o(!!!main) for __main
    startup_stm32f407xx.o(.text) refers to startup_stm32f407xx.o(HEAP) for Heap_Mem
    startup_stm32f407xx.o(.text) refers to startup_stm32f407xx.o(STACK) for Stack_Mem
    main.o(.ARM.exidx.text._write) refers to main.o(.text._write) for [Anonymous Symbol]
    main.o(.text.main) refers to stm32f4xx_hal.o(.text.HAL_Init) for HAL_Init
    main.o(.text.main) refers to main.o(.text.SystemClock_Config) for SystemClock_Config
    main.o(.text.main) refers to stm32f4xx_hal_rcc_ex.o(.text.HAL_RCCEx_PeriphCLKConfig) for HAL_RCCEx_PeriphCLKConfig
    main.o(.text.main) refers to stm32f4xx_hal_gpio.o(.text.HAL_GPIO_WritePin) for HAL_GPIO_WritePin
    main.o(.text.main) refers to stm32f4xx_hal_gpio.o(.text.HAL_GPIO_Init) for HAL_GPIO_Init
    main.o(.text.main) refers to stm32f4xx_hal_cortex.o(.text.HAL_NVIC_SetPriority) for HAL_NVIC_SetPriority
    main.o(.text.main) refers to stm32f4xx_hal_cortex.o(.text.HAL_NVIC_EnableIRQ) for HAL_NVIC_EnableIRQ
    main.o(.text.main) refers to main.o(.bss.hi2c1) for hi2c1
    main.o(.text.main) refers to stm32f4xx_hal_i2c.o(.text.HAL_I2C_Init) for HAL_I2C_Init
    main.o(.text.main) refers to main.o(.bss..L_MergedGlobals) for .L_MergedGlobals
    main.o(.text.main) refers to stm32f4xx_hal_i2s.o(.text.HAL_I2S_Init) for HAL_I2S_Init
    main.o(.text.main) refers to usb_host.o(.text.MX_USB_HOST_Init) for MX_USB_HOST_Init
    main.o(.text.main) refers to main.o(.bss.htim1) for htim1
    main.o(.text.main) refers to stm32f4xx_hal_tim.o(.text.HAL_TIM_PWM_Init) for HAL_TIM_PWM_Init
    main.o(.text.main) refers to stm32f4xx_hal_tim_ex.o(.text.HAL_TIMEx_MasterConfigSynchronization) for HAL_TIMEx_MasterConfigSynchronization
    main.o(.text.main) refers to stm32f4xx_hal_tim.o(.text.HAL_TIM_PWM_ConfigChannel) for HAL_TIM_PWM_ConfigChannel
    main.o(.text.main) refers to stm32f4xx_hal_tim_ex.o(.text.HAL_TIMEx_ConfigBreakDeadTime) for HAL_TIMEx_ConfigBreakDeadTime
    main.o(.text.main) refers to stm32f4xx_hal_msp.o(.text.HAL_TIM_MspPostInit) for HAL_TIM_MspPostInit
    main.o(.text.main) refers to stm32f4xx_hal_dac.o(.text.HAL_DAC_Init) for HAL_DAC_Init
    main.o(.text.main) refers to stm32f4xx_hal_dac.o(.text.HAL_DAC_ConfigChannel) for HAL_DAC_ConfigChannel
    main.o(.text.main) refers to main.o(.bss.hi2s2) for hi2s2
    main.o(.text.main) refers to stm32f4xx_hal_dac.o(.text.HAL_DAC_Start) for HAL_DAC_Start
    main.o(.text.main) refers to stm32f4xx_hal_dac.o(.text.HAL_DAC_SetValue) for HAL_DAC_SetValue
    main.o(.text.main) refers to main.o(.bss.i2s_buffer_mic1) for i2s_buffer_mic1
    main.o(.text.main) refers to stm32f4xx_hal_i2s.o(.text.HAL_I2S_Receive_DMA) for HAL_I2S_Receive_DMA
    main.o(.text.main) refers to main.o(.bss.i2s_buffer_mic2) for i2s_buffer_mic2
    main.o(.text.main) refers to usb_host.o(.text.MX_USB_HOST_Process) for MX_USB_HOST_Process
[...]
    [Anonymous Symbol]                       0x08003304   Section        0  stm32f4xx_it.o(.text.MemManage_Handler)
    [Anonymous Symbol]                       0x08003308   Section        0  stm32f4xx_it.o(.text.NMI_Handler)
    [Anonymous Symbol]                       0x0800330c   Section        0  stm32f4xx_it.o(.text.OTG_FS_IRQHandler)
    [Anonymous Symbol]                       0x08003318   Section        0  stm32f4xx_it.o(.text.PendSV_Handler)
    [Anonymous Symbol]                       0x0800331c   Section        0  stm32f4xx_it.o(.text.SVC_Handler)
    [Anonymous Symbol]                       0x08003320   Section        0  stm32f4xx_it.o(.text.SysTick_Handler)
    [Anonymous Symbol]                       0x08003324   Section        0  main.o(.text.SystemClock_Config)
    [Anonymous Symbol]                       0x080033d0   Section        0  system_stm32f4xx.o(.text.SystemInit)
    [Anonymous Symbol]                       0x080033e4   Section        0  stm32f4xx_hal_tim.o(.text.TIM_Base_SetConfig)
    [Anonymous Symbol]                       0x08003530   Section        0  usbh_pipes.o(.text.USBH_AllocPipe)
    [Anonymous Symbol]                       0x08003604   Section        0  usbh_ioreq.o(.text.USBH_BulkReceiveData)
    [Anonymous Symbol]                       0x0800362c   Section        0  usbh_ioreq.o(.text.USBH_BulkSendData)
    USBH_CDC_ClassRequest                    0x08003661   Thumb Code    62  usbh_cdc.o(.text.USBH_CDC_ClassRequest)
    [Anonymous Symbol]                       0x08003660   Section        0  usbh_cdc.o(.text.USBH_CDC_ClassRequest)
    USBH_CDC_InterfaceDeInit                 0x080036a1   Thumb Code   100  usbh_cdc.o(.text.USBH_CDC_InterfaceDeInit)
    [Anonymous Symbol]                       0x080036a0   Section        0  usbh_cdc.o(.text.USBH_CDC_InterfaceDeInit)
    USBH_CDC_InterfaceInit                   0x08003705   Thumb Code   350  usbh_cdc.o(.text.USBH_CDC_InterfaceInit)
    [Anonymous Symbol]                       0x08003704   Section        0  usbh_cdc.o(.text.USBH_CDC_InterfaceInit)
    [Anonymous Symbol]                       0x08003864   Section        0  usbh_cdc.o(.text.USBH_CDC_LineCodingChanged)
    USBH_CDC_Process                         0x08003869   Thumb Code   440  usbh_cdc.o(.text.USBH_CDC_Process)
    [Anonymous Symbol]                       0x08003868   Section        0  usbh_cdc.o(.text.USBH_CDC_Process)
    [Anonymous Symbol]                       0x08003a20   Section        0  usbh_cdc.o(.text.USBH_CDC_ReceiveCallback)
    USBH_CDC_SOFProcess                      0x08003a25   Thumb Code     4  usbh_cdc.o(.text.USBH_CDC_SOFProcess)
    [Anonymous Symbol]                       0x08003a24   Section        0  usbh_cdc.o(.text.USBH_CDC_SOFProcess)
    [Anonymous Symbol]                       0x08003a28   Section        0  usbh_cdc.o(.text.USBH_CDC_TransmitCallback)
    [Anonymous Symbol]                       0x08003a2c   Section        0  usbh_pipes.o(.text.USBH_ClosePipe)
    [Anonymous Symbol]                       0x08003a38   Section        0  usbh_ctlreq.o(.text.USBH_ClrFeature)
    [Anonymous Symbol]                       0x08003a54   Section        0  usbh_ioreq.o(.text.USBH_CtlReceiveData)
    [Anonymous Symbol]                       0x08003a7c   Section        0  usbh_ctlreq.o(.text.USBH_CtlReq)
    [Anonymous Symbol]                       0x08003c78   Section        0  usbh_ioreq.o(.text.USBH_CtlSendData)
    [Anonymous Symbol]                       0x08003cac   Section        0  usbh_ioreq.o(.text.USBH_CtlSendSetup)
    [Anonymous Symbol]                       0x08003cd0   Section        0  usbh_conf.o(.text.USBH_Delay)
    [Anonymous Symbol]                       0x08003cd4   Section        0  usbh_core.o(.text.USBH_FindInterface)
    [Anonymous Symbol]                       0x08003dd0   Section        0  usbh_pipes.o(.text.USBH_FreePipe)
    [Anonymous Symbol]                       0x08003de8   Section        0  usbh_ctlreq.o(.text.USBH_Get_CfgDesc)
    [Anonymous Symbol]                       0x08004078   Section        0  usbh_ctlreq.o(.text.USBH_Get_DevDesc)
    [Anonymous Symbol]                       0x08004138   Section        0  usbh_ctlreq.o(.text.USBH_Get_StringDesc)
    [Anonymous Symbol]                       0x080041f4   Section        0  usbh_core.o(.text.USBH_Init)
    [Anonymous Symbol]                       0x0800426c   Section        0  usbh_conf.o(.text.USBH_LL_ClosePipe)
    [Anonymous Symbol]                       0x08004290   Section        0  usbh_core.o(.text.USBH_LL_Connect)
    [Anonymous Symbol]                       0x080042a8   Section        0  usbh_core.o(.text.USBH_LL_Disconnect)
    [Anonymous Symbol]                       0x080042d8   Section        0  usbh_conf.o(.text.USBH_LL_DriverVBUS)
    [Anonymous Symbol]                       0x080042f4   Section        0  usbh_conf.o(.text.USBH_LL_GetLastXferSize)
    [Anonymous Symbol]                       0x080042fc   Section        0  usbh_conf.o(.text.USBH_LL_GetSpeed)
    [Anonymous Symbol]                       0x08004310   Section        0  usbh_conf.o(.text.USBH_LL_GetURBState)
    [Anonymous Symbol]                       0x08004318   Section        0  usbh_core.o(.text.USBH_LL_IncTimer)
    [Anonymous Symbol]                       0x08004338   Section        0  usbh_conf.o(.text.USBH_LL_Init)
    [Anonymous Symbol]                       0x08004390   Section        0  usbh_conf.o(.text.USBH_LL_OpenPipe)
    [Anonymous Symbol]                       0x080043c4   Section        0  usbh_core.o(.text.USBH_LL_PortDisabled)
    [Anonymous Symbol]                       0x080043cc   Section        0  usbh_core.o(.text.USBH_LL_PortEnabled)
    [Anonymous Symbol]                       0x080043d4   Section        0  usbh_conf.o(.text.USBH_LL_ResetPort)
    [Anonymous Symbol]                       0x080043f8   Section        0  usbh_core.o(.text.USBH_LL_SetTimer)
    [Anonymous Symbol]                       0x08004400   Section        0  usbh_conf.o(.text.USBH_LL_SetToggle)
    [Anonymous Symbol]                       0x08004420   Section        0  usbh_conf.o(.text.USBH_LL_Start)
    [Anonymous Symbol]                       0x08004444   Section        0  usbh_conf.o(.text.USBH_LL_Stop)
    [Anonymous Symbol]                       0x08004468   Section        0  usbh_conf.o(.text.USBH_LL_SubmitURB)
    [Anonymous Symbol]                       0x080044a0   Section        0  usbh_pipes.o(.text.USBH_OpenPipe)
    [Anonymous Symbol]                       0x080044bc   Section        0  usbh_core.o(.text.USBH_Process)
    [Anonymous Symbol]                       0x08004964   Section        0  usbh_core.o(.text.USBH_RegisterClass)
    [Anonymous Symbol]                       0x08004980   Section        0  usbh_core.o(.text.USBH_SelectInterface)
    [Anonymous Symbol]                       0x08004994   Section        0  usbh_ctlreq.o(.text.USBH_SetAddress)
    [Anonymous Symbol]                       0x080049b0   Section        0  usbh_ctlreq.o(.text.USBH_SetCfg)
    [Anonymous Symbol]                       0x080049cc   Section        0  usbh_ctlreq.o(.text.USBH_SetFeature)
    [Anonymous Symbol]                       0x080049e8   Section        0  usbh_core.o(.text.USBH_Start)
    USBH_UserProcess                         0x080049fd   Thumb Code    58  usb_host.o(.text.USBH_UserProcess)
    [Anonymous Symbol]                       0x080049fc   Section        0  usb_host.o(.text.USBH_UserProcess)
    [Anonymous Symbol]                       0x08004a38   Section        0  stm32f4xx_ll_usb.o(.text.USB_CoreInit)
    [Anonymous Symbol]                       0x08004c4c   Section        0  stm32f4xx_ll_usb.o(.text.USB_DisableGlobalInt)
    [Anonymous Symbol]                       0x08004c5c   Section        0  stm32f4xx_ll_usb.o(.text.USB_DriveVbus)
    [Anonymous Symbol]                       0x08004ca8   Section        0  stm32f4xx_ll_usb.o(.text.USB_EnableGlobalInt)
    [Anonymous Symbol]                       0x08004cb8   Section        0  stm32f4xx_ll_usb.o(.text.USB_FlushRxFifo)
    [Anonymous Symbol]                       0x08004d78   Section        0  stm32f4xx_ll_usb.o(.text.USB_FlushTxFifo)
    [Anonymous Symbol]                       0x08004e38   Section        0  stm32f4xx_ll_usb.o(.text.USB_GetCurrentFrame)
    [Anonymous Symbol]                       0x08004e40   Section        0  stm32f4xx_ll_usb.o(.text.USB_GetHostSpeed)
    [Anonymous Symbol]                       0x08004e58   Section        0  stm32f4xx_ll_usb.o(.text.USB_GetMode)
    [Anonymous Symbol]                       0x08004e60   Section        0  stm32f4xx_ll_usb.o(.text.USB_HC_Halt)
    [Anonymous Symbol]                       0x08004fb8   Section        0  stm32f4xx_ll_usb.o(.text.USB_HC_Init)
    [Anonymous Symbol]                       0x080050dc   Section        0  stm32f4xx_ll_usb.o(.text.USB_HC_ReadInterrupt)
    [Anonymous Symbol]                       0x080050e4   Section        0  stm32f4xx_ll_usb.o(.text.USB_HC_StartXfer)
    [Anonymous Symbol]                       0x080053dc   Section        0  stm32f4xx_ll_usb.o(.text.USB_HostInit)
    [Anonymous Symbol]                       0x080056b4   Section        0  stm32f4xx_ll_usb.o(.text.USB_InitFSLSPClkSel)
    [Anonymous Symbol]                       0x080056f4   Section        0  stm32f4xx_ll_usb.o(.text.USB_ReadChInterrupts)
    [Anonymous Symbol]                       0x08005704   Section        0  stm32f4xx_ll_usb.o(.text.USB_ReadInterrupts)
    [Anonymous Symbol]                       0x0800570c   Section        0  stm32f4xx_ll_usb.o(.text.USB_ReadPacket)
    [Anonymous Symbol]                       0x080057b8   Section        0  stm32f4xx_ll_usb.o(.text.USB_ResetPort)
    [Anonymous Symbol]                       0x080057f8   Section        0  stm32f4xx_ll_usb.o(.text.USB_SetCurrentMode)
    [Anonymous Symbol]                       0x08005b60   Section        0  stm32f4xx_ll_usb.o(.text.USB_StopHost)
    [Anonymous Symbol]                       0x08006498   Section        0  stm32f4xx_it.o(.text.UsageFault_Handler)
    [Anonymous Symbol]                       0x0800649c   Section        0  main.o(.text.main)
    $v0                                      0x08006826   Number         0  fpinit.o(x$fpl$fpinit)
    x$fpl$fpinit                             0x08006826   Section       26  fpinit.o(x$fpl$fpinit)
    DMA_CalcBaseAndBitshift.flagBitshiftOffset 0x08006858   Data           8  stm32f4xx_hal_dma.o(.rodata.cst8)
    [Anonymous Symbol]                       0x08006858   Section        0  stm32f4xx_hal_dma.o(.rodata.cst8)
    [Anonymous Symbol]                       0x08006860   Section        0  usbh_cdc.o(.rodata.str1.1)
    .L_MergedGlobals                         0x20000000   Data           8  stm32f4xx_hal.o(.data..L_MergedGlobals)
    [Anonymous Symbol]                       0x20000000   Section        0  stm32f4xx_hal.o(.data..L_MergedGlobals)
    .bss                                     0x20000030   Section       96  libspace.o(.bss)
    .L_MergedGlobals                         0x20000090   Data          92  main.o(.bss..L_MergedGlobals)
    [Anonymous Symbol]                       0x20000090   Section        0  main.o(.bss..L_MergedGlobals)
    i2s_buffer_mic1                          0x20000a4c   Data        4096  main.o(.bss.i2s_buffer_mic1)
    [Anonymous Symbol]                       0x20000a4c   Section        0  main.o(.bss.i2s_buffer_mic1)
    i2s_buffer_mic2                          0x20001a4c   Data        4096  main.o(.bss.i2s_buffer_mic2)
    [Anonymous Symbol]                       0x20001a4c   Section        0  main.o(.bss.i2s_buffer_mic2)
    Heap_Mem                                 0x20002a50   Data         512  startup_stm32f407xx.o(HEAP)
    HEAP                                     0x20002a50   Section      512  startup_stm32f407xx.o(HEAP)
    Stack_Mem                                0x20002c50   Data        1024  startup_stm32f407xx.o(STACK)
    STACK                                    0x20002c50   Section     1024  startup_stm32f407xx.o(STACK)
    __initial_sp                             0x20003050   Data           0  startup_stm32f407xx.o(STACK)

    Global Symbols

    Symbol Name                              Value     Ov Type        Size  Object(Section)

    BuildAttributes$$THM_ISAv4$E$P$D$K$B$S$7EM$VFPi3$EXTD16$VFPS$VFMA$PE$A:L22UL41UL21$X:L11$S22US41US21$IEEE1$IW$~IW$USESV6$~STKCKD$USESV7$~SHL$OTIME$ROPI$EBA8$UX$STANDARDLIB$REQ8$PRES8$EABIv2 0x00000000   Number         0  anon$$obj.o ABSOLUTE
    __ARM_exceptions_init                     - Undefined Weak Reference
    __alloca_initialize                       - Undefined Weak Reference
    __arm_preinit_                            - Undefined Weak Reference
    __arm_relocate_pie_                       - Undefined Weak Reference
    __cpp_initialize__aeabi_                  - Undefined Weak Reference
    __cxa_finalize                            - Undefined Weak Reference
    __rt_locale                               - Undefined Weak Reference
    __sigvec_lookup                           - Undefined Weak Reference
    __user_heap_extent                        - Undefined Weak Reference
    _atexit_init                              - Undefined Weak Reference
    _call_atexit_fns                          - Undefined Weak Reference
    _clock_init                               - Undefined Weak Reference
    _fp_trap_init                             - Undefined Weak Reference
    _fp_trap_shutdown                         - Undefined Weak Reference
    _get_lc_collate                           - Undefined Weak Reference
    _get_lc_ctype                             - Undefined Weak Reference
    _get_lc_monetary                          - Undefined Weak Reference
    _get_lc_numeric                           - Undefined Weak Reference
    _get_lc_time                              - Undefined Weak Reference
    _getenv_init                              - Undefined Weak Reference
    _handle_redirection                       - Undefined Weak Reference
    _initio                                   - Undefined Weak Reference
    _mutex_acquire                            - Undefined Weak Reference
    _mutex_free                               - Undefined Weak Reference
    _mutex_release                            - Undefined Weak Reference
    _rand_init                                - Undefined Weak Reference
    _signal_finish                            - Undefined Weak Reference
    _signal_init                              - Undefined Weak Reference
    _terminateio                              - Undefined Weak Reference
    __Vectors_Size                           0x00000188   Number         0  startup_stm32f407xx.o ABSOLUTE
    __Vectors                                0x08000000   Data           4  startup_stm32f407xx.o(RESET)
    __Vectors_End                            0x08000188   Data           0  startup_stm32f407xx.o(RESET)
    __main                                   0x08000189   Thumb Code     8  __main.o(!!!main)
    __scatterload                            0x08000191   Thumb Code     0  __scatter.o(!!!scatter)
    __scatterload_rt2                        0x08000191   Thumb Code    84  __scatter.o(!!!scatter)
    __scatterload_rt2_thumb_only             0x08000191   Thumb Code     0  __scatter.o(!!!scatter)
    __scatterload_loop                       0x0800019b   Thumb Code     0  __scatter.o(!!!scatter)
    __scatterload_copy                       0x080001ed   Thumb Code    26  __scatter_copy.o(!!handler_copy)
    __scatterload_null                       0x08000209   Thumb Code     2  __scatter.o(!!handler_null)
    __scatterload_zeroinit                   0x0800020d   Thumb Code    28  __scatter_zi.o(!!handler_zi)
    __rt_lib_init                            0x08000229   Thumb Code     0  libinit.o(.ARM.Collect$$libinit$$00000000)
    __rt_lib_init_fp_1                       0x0800022b   Thumb Code     0  libinit2.o(.ARM.Collect$$libinit$$00000001)
    __rt_lib_init_heap_2                     0x0800022f   Thumb Code     0  libinit2.o(.ARM.Collect$$libinit$$00000007)
    __rt_lib_init_preinit_1                  0x0800022f   Thumb Code     0  libinit2.o(.ARM.Collect$$libinit$$00000006)
    __rt_lib_init_relocate_pie_1             0x0800022f   Thumb Code     0  libinit2.o(.ARM.Collect$$libinit$$00000004)
    __rt_lib_init_alloca_1                   0x08000237   Thumb Code     0  libinit2.o(.ARM.Collect$$libinit$$00000030)
    __rt_lib_init_argv_1                     0x08000237   Thumb Code     0  libinit2.o(.ARM.Collect$$libinit$$0000002E)
    __rt_lib_init_atexit_1                   0x08000237   Thumb Code     0  libinit2.o(.ARM.Collect$$libinit$$0000001D)
    __rt_lib_init_clock_1                    0x08000237   Thumb Code     0  libinit2.o(.ARM.Collect$$libinit$$00000023)
    __rt_lib_init_cpp_1                      0x08000237   Thumb Code     0  libinit2.o(.ARM.Collect$$libinit$$00000034)
    __rt_lib_init_exceptions_1               0x08000237   Thumb Code     0  libinit2.o(.ARM.Collect$$libinit$$00000032)
    __rt_lib_init_fp_trap_1                  0x08000237   Thumb Code     0  libinit2.o(.ARM.Collect$$libinit$$00000021)
    __rt_lib_init_getenv_1                   0x08000237   Thumb Code     0  libinit2.o(.ARM.Collect$$libinit$$00000025)
    __rt_lib_init_heap_1                     0x08000237   Thumb Code     0  libinit2.o(.ARM.Collect$$libinit$$0000000C)
    __rt_lib_init_lc_collate_1               0x08000237   Thumb Code     0  libinit2.o(.ARM.Collect$$libinit$$00000013)
    __rt_lib_init_lc_ctype_1                 0x08000237   Thumb Code     0  libinit2.o(.ARM.Collect$$libinit$$00000015)
    __rt_lib_init_lc_monetary_1              0x08000237   Thumb Code     0  libinit2.o(.ARM.Collect$$libinit$$00000017)
    __rt_lib_init_lc_numeric_1               0x08000237   Thumb Code     0  libinit2.o(.ARM.Collect$$libinit$$00000019)
    __rt_lib_init_lc_time_1                  0x08000237   Thumb Code     0  libinit2.o(.ARM.Collect$$libinit$$0000001B)
    __rt_lib_init_rand_1                     0x08000237   Thumb Code     0  libinit2.o(.ARM.Collect$$libinit$$00000010)
    __rt_lib_init_return                     0x08000237   Thumb Code     0  libinit2.o(.ARM.Collect$$libinit$$00000035)
    __rt_lib_init_signal_1                   0x08000237   Thumb Code     0  libinit2.o(.ARM.Collect$$libinit$$0000001F)
    __rt_lib_init_stdio_1                    0x08000237   Thumb Code     0  libinit2.o(.ARM.Collect$$libinit$$00000027)
    __rt_lib_init_user_alloc_1               0x08000237   Thumb Code     0  libinit2.o(.ARM.Collect$$libinit$$0000000E)
    __rt_lib_shutdown                        0x08000239   Thumb Code     0  libshutdown.o(.ARM.Collect$$libshutdown$$00000000)
    __rt_lib_shutdown_cpp_1                  0x0800023b   Thumb Code     0  libshutdown2.o(.ARM.Collect$$libshutdown$$00000002)
    __rt_lib_shutdown_fp_trap_1              0x0800023b   Thumb Code     0  libshutdown2.o(.ARM.Collect$$libshutdown$$00000007)
    __rt_lib_shutdown_heap_1                 0x0800023b   Thumb Code     0  libshutdown2.o(.ARM.Collect$$libshutdown$$0000000F)
    __rt_lib_shutdown_return                 0x0800023b   Thumb Code     0  libshutdown2.o(.ARM.Collect$$libshutdown$$00000010)
    __rt_lib_shutdown_signal_1               0x0800023b   Thumb Code     0  libshutdown2.o(.ARM.Collect$$libshutdown$$0000000A)
    __rt_lib_shutdown_stdio_1                0x0800023b   Thumb Code     0  libshutdown2.o(.ARM.Collect$$libshutdown$$00000004)
    __rt_lib_shutdown_user_alloc_1           0x0800023b   Thumb Code     0  libshutdown2.o(.ARM.Collect$$libshutdown$$0000000C)
    __rt_entry                               0x0800023d   Thumb Code     0  __rtentry.o(.ARM.Collect$$rtentry$$00000000)
    __rt_entry_presh_1                       0x0800023d   Thumb Code     0  __rtentry2.o(.ARM.Collect$$rtentry$$00000002)
    __rt_entry_sh                            0x0800023d   Thumb Code     0  __rtentry4.o(.ARM.Collect$$rtentry$$00000004)
    __rt_entry_li                            0x08000243   Thumb Code     0  __rtentry2.o(.ARM.Collect$$rtentry$$0000000A)
    __rt_entry_postsh_1                      0x08000243   Thumb Code     0  __rtentry2.o(.ARM.Collect$$rtentry$$00000009)
    __rt_entry_main                          0x08000247   Thumb Code     0  __rtentry2.o(.ARM.Collect$$rtentry$$0000000D)
    __rt_entry_postli_1                      0x08000247   Thumb Code     0  __rtentry2.o(.ARM.Collect$$rtentry$$0000000C)
    __rt_exit                                0x0800024f   Thumb Code     0  rtexit.o(.ARM.Collect$$rtexit$$00000000)
    __rt_exit_ls                             0x08000251   Thumb Code     0  rtexit2.o(.ARM.Collect$$rtexit$$00000003)
    __rt_exit_prels_1                        0x08000251   Thumb Code     0  rtexit2.o(.ARM.Collect$$rtexit$$00000002)
    __rt_exit_exit                           0x08000255   Thumb Code     0  rtexit2.o(.ARM.Collect$$rtexit$$00000004)
    Reset_Handler                            0x0800025d   Thumb Code     8  startup_stm32f407xx.o(.text)
    ADC_IRQHandler                           0x08000277   Thumb Code     0  startup_stm32f407xx.o(.text)
    CAN1_RX0_IRQHandler                      0x08000277   Thumb Code     0  startup_stm32f407xx.o(.text)
    CAN1_RX1_IRQHandler                      0x08000277   Thumb Code     0  startup_stm32f407xx.o(.text)
    CAN1_SCE_IRQHandler                      0x08000277   Thumb Code     0  startup_stm32f407xx.o(.text)
    CAN1_TX_IRQHandler                       0x08000277   Thumb Code     0  startup_stm32f407xx.o(.text)
    CAN2_RX0_IRQHandler                      0x08000277   Thumb Code     0  startup_stm32f407xx.o(.text)
    CAN2_RX1_IRQHandler                      0x08000277   Thumb Code     0  startup_stm32f407xx.o(.text)
    CAN2_SCE_IRQHandler                      0x08000277   Thumb Code     0  startup_stm32f407xx.o(.text)
    CAN2_TX_IRQHandler                       0x08000277   Thumb Code     0  startup_stm32f407xx.o(.text)
    DCMI_IRQHandler                          0x08000277   Thumb Code     0  startup_stm32f407xx.o(.text)
    DMA1_Stream1_IRQHandler                  0x08000277   Thumb Code     0  startup_stm32f407xx.o(.text)
    DMA1_Stream2_IRQHandler                  0x08000277   Thumb Code     0  startup_stm32f407xx.o(.text)
    DMA1_Stream4_IRQHandler                  0x08000277   Thumb Code     0  startup_stm32f407xx.o(.text)
    DMA1_Stream5_IRQHandler                  0x08000277   Thumb Code     0  startup_stm32f407xx.o(.text)
    DMA1_Stream6_IRQHandler                  0x08000277   Thumb Code     0  startup_stm32f407xx.o(.text)
    DMA1_Stream7_IRQHandler                  0x08000277   Thumb Code     0  startup_stm32f407xx.o(.text)
    DMA2_Stream0_IRQHandler                  0x08000277   Thumb Code     0  startup_stm32f407xx.o(.text)
    DMA2_Stream1_IRQHandler                  0x08000277   Thumb Code     0  startup_stm32f407xx.o(.text)
    DMA2_Stream2_IRQHandler                  0x08000277   Thumb Code     0  startup_stm32f407xx.o(.text)
    DMA2_Stream3_IRQHandler                  0x08000277   Thumb Code     0  startup_stm32f407xx.o(.text)
    DMA2_Stream4_IRQHandler                  0x08000277   Thumb Code     0  startup_stm32f407xx.o(.text)
    DMA2_Stream5_IRQHandler                  0x08000277   Thumb Code     0  startup_stm32f407xx.o(.text)
    DMA2_Stream6_IRQHandler                  0x08000277   Thumb Code     0  startup_stm32f407xx.o(.text)
    DMA2_Stream7_IRQHandler                  0x08000277   Thumb Code     0  startup_stm32f407xx.o(.text)
    ETH_IRQHandler                           0x08000277   Thumb Code     0  startup_stm32f407xx.o(.text)
    ETH_WKUP_IRQHandler                      0x08000277   Thumb Code     0  startup_stm32f407xx.o(.text)
    EXTI0_IRQHandler                         0x08000277   Thumb Code     0  startup_stm32f407xx.o(.text)
    EXTI15_10_IRQHandler                     0x08000277   Thumb Code     0  startup_stm32f407xx.o(.text)
    EXTI1_IRQHandler                         0x08000277   Thumb Code     0  startup_stm32f407xx.o(.text)
    EXTI2_IRQHandler                         0x08000277   Thumb Code     0  startup_stm32f407xx.o(.text)
    EXTI3_IRQHandler                         0x08000277   Thumb Code     0  startup_stm32f407xx.o(.text)
    EXTI4_IRQHandler                         0x08000277   Thumb Code     0  startup_stm32f407xx.o(.text)
    EXTI9_5_IRQHandler                       0x08000277   Thumb Code     0  startup_stm32f407xx.o(.text)
    FLASH_IRQHandler                         0x08000277   Thumb Code     0  startup_stm32f407xx.o(.text)
    FMC_IRQHandler                           0x08000277   Thumb Code     0  startup_stm32f407xx.o(.text)
    FPU_IRQHandler                           0x08000277   Thumb Code     0  startup_stm32f407xx.o(.text)
    HASH_RNG_IRQHandler                      0x08000277   Thumb Code     0  startup_stm32f407xx.o(.text)
    I2C1_ER_IRQHandler                       0x08000277   Thumb Code     0  startup_stm32f407xx.o(.text)
    I2C1_EV_IRQHandler                       0x08000277   Thumb Code     0  startup_stm32f407xx.o(.text)
    I2C2_ER_IRQHandler                       0x08000277   Thumb Code     0  startup_stm32f407xx.o(.text)
    I2C2_EV_IRQHandler                       0x08000277   Thumb Code     0  startup_stm32f407xx.o(.text)
    I2C3_ER_IRQHandler                       0x08000277   Thumb Code     0  startup_stm32f407xx.o(.text)
    I2C3_EV_IRQHandler                       0x08000277   Thumb Code     0  startup_stm32f407xx.o(.text)
    OTG_FS_WKUP_IRQHandler                   0x08000277   Thumb Code     0  startup_stm32f407xx.o(.text)
    OTG_HS_EP1_IN_IRQHandler                 0x08000277   Thumb Code     0  startup_stm32f407xx.o(.text)
    OTG_HS_EP1_OUT_IRQHandler                0x08000277   Thumb Code     0  startup_stm32f407xx.o(.text)
    OTG_HS_IRQHandler                        0x08000277   Thumb Code     0  startup_stm32f407xx.o(.text)
    OTG_HS_WKUP_IRQHandler                   0x08000277   Thumb Code     0  startup_stm32f407xx.o(.text)
    PVD_IRQHandler                           0x08000277   Thumb Code     0  startup_stm32f407xx.o(.text)
    RCC_IRQHandler                           0x08000277   Thumb Code     0  startup_stm32f407xx.o(.text)
    RTC_Alarm_IRQHandler                     0x08000277   Thumb Code     0  startup_stm32f407xx.o(.text)
    RTC_WKUP_IRQHandler                      0x08000277   Thumb Code     0  startup_stm32f407xx.o(.text)
    SDIO_IRQHandler                          0x08000277   Thumb Code     0  startup_stm32f407xx.o(.text)
    SPI1_IRQHandler                          0x08000277   Thumb Code     0  startup_stm32f407xx.o(.text)
    SPI2_IRQHandler                          0x08000277   Thumb Code     0  startup_stm32f407xx.o(.text)
    SPI3_IRQHandler                          0x08000277   Thumb Code     0  startup_stm32f407xx.o(.text)
    TAMP_STAMP_IRQHandler                    0x08000277   Thumb Code     0  startup_stm32f407xx.o(.text)
    TIM1_BRK_TIM9_IRQHandler                 0x08000277   Thumb Code     0  startup_stm32f407xx.o(.text)
    TIM1_CC_IRQHandler                       0x08000277   Thumb Code     0  startup_stm32f407xx.o(.text)
    TIM1_TRG_COM_TIM11_IRQHandler            0x08000277   Thumb Code     0  startup_stm32f407xx.o(.text)
    TIM1_UP_TIM10_IRQHandler                 0x08000277   Thumb Code     0  startup_stm32f407xx.o(.text)
    TIM2_IRQHandler                          0x08000277   Thumb Code     0  startup_stm32f407xx.o(.text)
    TIM3_IRQHandler                          0x08000277   Thumb Code     0  startup_stm32f407xx.o(.text)
    TIM4_IRQHandler                          0x08000277   Thumb Code     0  startup_stm32f407xx.o(.text)
    TIM5_IRQHandler                          0x08000277   Thumb Code     0  startup_stm32f407xx.o(.text)
    TIM6_DAC_IRQHandler                      0x08000277   Thumb Code     0  startup_stm32f407xx.o(.text)
    TIM7_IRQHandler                          0x08000277   Thumb Code     0  startup_stm32f407xx.o(.text)
    TIM8_BRK_TIM12_IRQHandler                0x08000277   Thumb Code     0  startup_stm32f407xx.o(.text)
    TIM8_CC_IRQHandler                       0x08000277   Thumb Code     0  startup_stm32f407xx.o(.text)
    TIM8_TRG_COM_TIM14_IRQHandler            0x08000277   Thumb Code     0  startup_stm32f407xx.o(.text)
    TIM8_UP_TIM13_IRQHandler                 0x08000277   Thumb Code     0  startup_stm32f407xx.o(.text)
    UART4_IRQHandler                         0x08000277   Thumb Code     0  startup_stm32f407xx.o(.text)
    UART5_IRQHandler                         0x08000277   Thumb Code     0  startup_stm32f407xx.o(.text)
    USART1_IRQHandler                        0x08000277   Thumb Code     0  startup_stm32f407xx.o(.text)
    USART2_IRQHandler                        0x08000277   Thumb Code     0  startup_stm32f407xx.o(.text)
    USART3_IRQHandler                        0x08000277   Thumb Code     0  startup_stm32f407xx.o(.text)
    USART6_IRQHandler                        0x08000277   Thumb Code     0  startup_stm32f407xx.o(.text)
    WWDG_IRQHandler                          0x08000277   Thumb Code     0  startup_stm32f407xx.o(.text)
    __user_initial_stackheap                 0x08000279   Thumb Code     0  startup_stm32f407xx.o(.text)
    calloc                                   0x0800029d   Thumb Code    40  calloc.o(.text)
    free                                     0x080002c5   Thumb Code    78  h1_free.o(.text)
    __aeabi_uldivmod                         0x08000313   Thumb Code     0  lludivv7m.o(.text)
    _ll_udiv                                 0x08000313   Thumb Code   240  lludivv7m.o(.text)
    __aeabi_memclr                           0x08000403   Thumb Code     0  rt_memclr.o(.text)
    __rt_memclr                              0x08000403   Thumb Code     0  rt_memclr.o(.text)
    _memset                                  0x08000407   Thumb Code    64  rt_memclr.o(.text)
    __aeabi_memclr4                          0x08000447   Thumb Code     0  rt_memclr_w.o(.text)
    __aeabi_memclr8                          0x08000447   Thumb Code     0  rt_memclr_w.o(.text)
    __rt_memclr_w                            0x08000447   Thumb Code     0  rt_memclr_w.o(.text)
    _memset_w                                0x0800044b   Thumb Code    74  rt_memclr_w.o(.text)
    __use_two_region_memory                  0x08000495   Thumb Code     2  heapauxi.o(.text)
    __rt_heap_escrow                         0x08000497   Thumb Code     2  heapauxi.o(.text)
    __rt_heap_expand                         0x08000499   Thumb Code     2  heapauxi.o(.text)
    __rt_heap_descriptor                     0x0800049d   Thumb Code     8  rt_heap_descriptor_intlibspace.o(.text)
    __use_no_heap                            0x080004a5   Thumb Code     2  hguard.o(.text)
    __heap$guard                             0x080004a7   Thumb Code     2  hguard.o(.text)
    _terminate_user_alloc                    0x080004a9   Thumb Code     2  init_alloc.o(.text)
    _init_user_alloc                         0x080004ab   Thumb Code     2  init_alloc.o(.text)
    __Heap_Full                              0x080004ad   Thumb Code    34  init_alloc.o(.text)
    __Heap_Broken                            0x080004cf   Thumb Code     6  init_alloc.o(.text)
    _init_alloc                              0x080004d5   Thumb Code    94  init_alloc.o(.text)
    malloc                                   0x08000533   Thumb Code    94  h1_alloc.o(.text)
    __user_libspace                          0x08000591   Thumb Code     8  libspace.o(.text)
    __user_perproc_libspace                  0x08000591   Thumb Code     0  libspace.o(.text)
    __user_perthread_libspace                0x08000591   Thumb Code     0  libspace.o(.text)
    __Heap_Initialize                        0x08000599   Thumb Code     8  h1_init.o(.text)
    _maybe_terminate_alloc                   0x08000599   Thumb Code     0  maybetermalloc1.o(.text)
    __Heap_DescSize                          0x080005a1   Thumb Code     4  h1_init.o(.text)
    __Heap_ProvideMemory                     0x080005a5   Thumb Code    52  h1_extend.o(.text)
    __rt_SIGRTMEM                            0x080005d9   Thumb Code    14  defsig_rtmem_outer.o(.text)
    __user_setup_stackheap                   0x080005e7   Thumb Code    74  sys_stackheap_outer.o(.text)
    exit                                     0x08000631   Thumb Code    18  exit.o(.text)
    __sig_exit                               0x08000643   Thumb Code    10  defsig_exit.o(.text)
    __rt_SIGRTMEM_inner                      0x0800064d   Thumb Code    22  defsig_rtmem_inner.o(.text)
    _sys_exit                                0x0800069d   Thumb Code     8  sys_exit.o(.text)
    __I$use$semihosting                      0x080006a9   Thumb Code     0  use_no_semi.o(.text)
    __use_no_semihosting_swi                 0x080006a9   Thumb Code     2  use_no_semi.o(.text)
    __default_signal_display                 0x080006ab   Thumb Code    50  defsig_general.o(.text)
    __semihosting_library_function           0x080006ab   Thumb Code     0  indicate_semi.o(.text)
    _ttywrch                                 0x080006dd   Thumb Code    14  sys_wrch.o(.text)
    BusFault_Handler                         0x080006ed   Thumb Code     2  stm32f4xx_it.o(.text.BusFault_Handler)
    DMA1_Stream0_IRQHandler                  0x080006f1   Thumb Code    12  stm32f4xx_it.o(.text.DMA1_Stream0_IRQHandler)
    DMA1_Stream3_IRQHandler                  0x080006fd   Thumb Code    12  stm32f4xx_it.o(.text.DMA1_Stream3_IRQHandler)
    DebugMon_Handler                         0x08000709   Thumb Code     2  stm32f4xx_it.o(.text.DebugMon_Handler)
    Error_Handler                            0x0800070d   Thumb Code     6  main.o(.text.Error_Handler)
    HAL_DAC_ConfigChannel                    0x08000715   Thumb Code    96  stm32f4xx_hal_dac.o(.text.HAL_DAC_ConfigChannel)
    HAL_DAC_Init                             0x08000775   Thumb Code    40  stm32f4xx_hal_dac.o(.text.HAL_DAC_Init)
    HAL_DAC_MspInit                          0x0800079d   Thumb Code   100  stm32f4xx_hal_msp.o(.text.HAL_DAC_MspInit)
    HAL_DAC_SetValue                         0x08000801   Thumb Code    46  stm32f4xx_hal_dac.o(.text.HAL_DAC_SetValue)
    HAL_DAC_Start                            0x08000831   Thumb Code   100  stm32f4xx_hal_dac.o(.text.HAL_DAC_Start)
    HAL_DMA_IRQHandler                       0x08000895   Thumb Code   448  stm32f4xx_hal_dma.o(.text.HAL_DMA_IRQHandler)
    HAL_DMA_Init                             0x08000a55   Thumb Code   354  stm32f4xx_hal_dma.o(.text.HAL_DMA_Init)
    HAL_DMA_Start_IT                         0x08000bb9   Thumb Code   162  stm32f4xx_hal_dma.o(.text.HAL_DMA_Start_IT)
    HAL_Delay                                0x08000c5d   Thumb Code    40  stm32f4xx_hal.o(.text.HAL_Delay)
    HAL_GPIO_Init                            0x08000c85   Thumb Code   414  stm32f4xx_hal_gpio.o(.text.HAL_GPIO_Init)
    HAL_GPIO_TogglePin                       0x08000e25   Thumb Code    16  stm32f4xx_hal_gpio.o(.text.HAL_GPIO_TogglePin)
    HAL_GPIO_WritePin                        0x08000e35   Thumb Code    10  stm32f4xx_hal_gpio.o(.text.HAL_GPIO_WritePin)
    HAL_GetTick                              0x08000e41   Thumb Code    12  stm32f4xx_hal.o(.text.HAL_GetTick)
    HAL_HCD_Connect_Callback                 0x08000e4d   Thumb Code     8  usbh_conf.o(.text.HAL_HCD_Connect_Callback)
    HAL_HCD_Disconnect_Callback              0x08000e55   Thumb Code     8  usbh_conf.o(.text.HAL_HCD_Disconnect_Callback)
    HAL_HCD_GetCurrentFrame                  0x08000e5d   Thumb Code     6  stm32f4xx_hal_hcd.o(.text.HAL_HCD_GetCurrentFrame)
    HAL_HCD_GetCurrentSpeed                  0x08000e65   Thumb Code     6  stm32f4xx_hal_hcd.o(.text.HAL_HCD_GetCurrentSpeed)
    HAL_HCD_HC_GetURBState                   0x08000e6d   Thumb Code    14  stm32f4xx_hal_hcd.o(.text.HAL_HCD_HC_GetURBState)
    HAL_HCD_HC_GetXferCount                  0x08000e7d   Thumb Code    12  stm32f4xx_hal_hcd.o(.text.HAL_HCD_HC_GetXferCount)
    HAL_HCD_HC_Halt                          0x08000e89   Thumb Code    36  stm32f4xx_hal_hcd.o(.text.HAL_HCD_HC_Halt)
    HAL_HCD_HC_Init                          0x08000ead   Thumb Code   160  stm32f4xx_hal_hcd.o(.text.HAL_HCD_HC_Init)
    HAL_HCD_HC_NotifyURBChange_Callback      0x08000f4d   Thumb Code     2  usbh_conf.o(.text.HAL_HCD_HC_NotifyURBChange_Callback)
    HAL_HCD_HC_SubmitRequest                 0x08000f51   Thumb Code   168  stm32f4xx_hal_hcd.o(.text.HAL_HCD_HC_SubmitRequest)
    HAL_HCD_IRQHandler                       0x08000ff9   Thumb Code  2396  stm32f4xx_hal_hcd.o(.text.HAL_HCD_IRQHandler)
    HAL_HCD_Init                             0x08001955   Thumb Code   138  stm32f4xx_hal_hcd.o(.text.HAL_HCD_Init)
    HAL_HCD_MspInit                          0x080019e1   Thumb Code   152  usbh_conf.o(.text.HAL_HCD_MspInit)
    HAL_HCD_PortDisabled_Callback            0x08001a79   Thumb Code     8  usbh_conf.o(.text.HAL_HCD_PortDisabled_Callback)
    HAL_HCD_PortEnabled_Callback             0x08001a81   Thumb Code     8  usbh_conf.o(.text.HAL_HCD_PortEnabled_Callback)
    HAL_HCD_ResetPort                        0x08001a89   Thumb Code     6  stm32f4xx_hal_hcd.o(.text.HAL_HCD_ResetPort)
    HAL_HCD_SOF_Callback                     0x08001a91   Thumb Code     8  usbh_conf.o(.text.HAL_HCD_SOF_Callback)
    HAL_HCD_Start                            0x08001a99   Thumb Code    42  stm32f4xx_hal_hcd.o(.text.HAL_HCD_Start)
    HAL_HCD_Stop                             0x08001ac5   Thumb Code    36  stm32f4xx_hal_hcd.o(.text.HAL_HCD_Stop)
    HAL_I2C_Init                             0x08001ae9   Thumb Code   356  stm32f4xx_hal_i2c.o(.text.HAL_I2C_Init)
    HAL_I2C_MspInit                          0x08001c4d   Thumb Code   108  stm32f4xx_hal_msp.o(.text.HAL_I2C_MspInit)
    HAL_I2SEx_FullDuplex_IRQHandler          0x08001cb9   Thumb Code   630  stm32f4xx_hal_i2s_ex.o(.text.HAL_I2SEx_FullDuplex_IRQHandler)
    HAL_I2SEx_TxRxCpltCallback               0x08001f31   Thumb Code     2  stm32f4xx_hal_i2s_ex.o(.text.HAL_I2SEx_TxRxCpltCallback)
    HAL_I2S_ErrorCallback                    0x08001f35   Thumb Code     2  stm32f4xx_hal_i2s.o(.text.HAL_I2S_ErrorCallback)
    HAL_I2S_Init                             0x08001f39   Thumb Code   370  stm32f4xx_hal_i2s.o(.text.HAL_I2S_Init)
    HAL_I2S_MspInit                          0x080020ad   Thumb Code   444  stm32f4xx_hal_msp.o(.text.HAL_I2S_MspInit)
    HAL_I2S_Receive_DMA                      0x08002269   Thumb Code   234  stm32f4xx_hal_i2s.o(.text.HAL_I2S_Receive_DMA)
    HAL_I2S_RxCpltCallback                   0x08002355   Thumb Code   106  main.o(.text.HAL_I2S_RxCpltCallback)
    HAL_I2S_RxHalfCpltCallback               0x080023c1   Thumb Code   106  main.o(.text.HAL_I2S_RxHalfCpltCallback)
    HAL_I2S_TxCpltCallback                   0x0800242d   Thumb Code     2  stm32f4xx_hal_i2s.o(.text.HAL_I2S_TxCpltCallback)
    HAL_IncTick                              0x08002431   Thumb Code    26  stm32f4xx_hal.o(.text.HAL_IncTick)
    HAL_Init                                 0x0800244d   Thumb Code    54  stm32f4xx_hal.o(.text.HAL_Init)
    HAL_InitTick                             0x08002485   Thumb Code    72  stm32f4xx_hal.o(.text.HAL_InitTick)
    HAL_MspInit                              0x080024cd   Thumb Code    60  stm32f4xx_hal_msp.o(.text.HAL_MspInit)
    HAL_NVIC_EnableIRQ                       0x08002509   Thumb Code    34  stm32f4xx_hal_cortex.o(.text.HAL_NVIC_EnableIRQ)
    HAL_NVIC_SetPriority                     0x0800252d   Thumb Code    86  stm32f4xx_hal_cortex.o(.text.HAL_NVIC_SetPriority)
    HAL_NVIC_SetPriorityGrouping             0x08002585   Thumb Code    32  stm32f4xx_hal_cortex.o(.text.HAL_NVIC_SetPriorityGrouping)
    HAL_RCCEx_GetPeriphCLKFreq               0x080025a5   Thumb Code    88  stm32f4xx_hal_rcc_ex.o(.text.HAL_RCCEx_GetPeriphCLKFreq)
    HAL_RCCEx_PeriphCLKConfig                0x080025fd   Thumb Code   330  stm32f4xx_hal_rcc_ex.o(.text.HAL_RCCEx_PeriphCLKConfig)
    HAL_RCC_ClockConfig                      0x08002749   Thumb Code   356  stm32f4xx_hal_rcc.o(.text.HAL_RCC_ClockConfig)
    HAL_RCC_GetPCLK1Freq                     0x080028ad   Thumb Code    38  stm32f4xx_hal_rcc.o(.text.HAL_RCC_GetPCLK1Freq)
    HAL_RCC_GetSysClockFreq                  0x080028d5   Thumb Code   108  stm32f4xx_hal_rcc.o(.text.HAL_RCC_GetSysClockFreq)
    HAL_RCC_OscConfig                        0x08002941   Thumb Code   944  stm32f4xx_hal_rcc.o(.text.HAL_RCC_OscConfig)
    HAL_SYSTICK_Config                       0x08002cf1   Thumb Code    44  stm32f4xx_hal_cortex.o(.text.HAL_SYSTICK_Config)
    HAL_TIMEx_ConfigBreakDeadTime            0x08002d1d   Thumb Code    80  stm32f4xx_hal_tim_ex.o(.text.HAL_TIMEx_ConfigBreakDeadTime)
    HAL_TIMEx_MasterConfigSynchronization    0x08002d6d   Thumb Code   186  stm32f4xx_hal_tim_ex.o(.text.HAL_TIMEx_MasterConfigSynchronization)
    HAL_TIM_MspPostInit                      0x08002e29   Thumb Code    84  stm32f4xx_hal_msp.o(.text.HAL_TIM_MspPostInit)
    HAL_TIM_PWM_ConfigChannel                0x08002e7d   Thumb Code   548  stm32f4xx_hal_tim.o(.text.HAL_TIM_PWM_ConfigChannel)
    HAL_TIM_PWM_Init                         0x080030a1   Thumb Code    90  stm32f4xx_hal_tim.o(.text.HAL_TIM_PWM_Init)
    HAL_TIM_PWM_MspInit                      0x080030fd   Thumb Code    50  stm32f4xx_hal_msp.o(.text.HAL_TIM_PWM_MspInit)
    HardFault_Handler                        0x08003131   Thumb Code     2  stm32f4xx_it.o(.text.HardFault_Handler)
    MX_DriverVbusFS                          0x08003289   Thumb Code    24  usbh_platform.o(.text.MX_DriverVbusFS)
    MX_USB_HOST_Init                         0x080032a1   Thumb Code    86  usb_host.o(.text.MX_USB_HOST_Init)
    MX_USB_HOST_Process                      0x080032f9   Thumb Code    12  usb_host.o(.text.MX_USB_HOST_Process)
    MemManage_Handler                        0x08003305   Thumb Code     2  stm32f4xx_it.o(.text.MemManage_Handler)
    NMI_Handler                              0x08003309   Thumb Code     2  stm32f4xx_it.o(.text.NMI_Handler)
    OTG_FS_IRQHandler                        0x0800330d   Thumb Code    12  stm32f4xx_it.o(.text.OTG_FS_IRQHandler)
    PendSV_Handler                           0x08003319   Thumb Code     2  stm32f4xx_it.o(.text.PendSV_Handler)
    SVC_Handler                              0x0800331d   Thumb Code     2  stm32f4xx_it.o(.text.SVC_Handler)
    SysTick_Handler                          0x08003321   Thumb Code     4  stm32f4xx_it.o(.text.SysTick_Handler)
    SystemClock_Config                       0x08003325   Thumb Code   172  main.o(.text.SystemClock_Config)
    SystemInit                               0x080033d1   Thumb Code    18  system_stm32f4xx.o(.text.SystemInit)
    TIM_Base_SetConfig                       0x080033e5   Thumb Code   332  stm32f4xx_hal_tim.o(.text.TIM_Base_SetConfig)
    USBH_AllocPipe                           0x08003531   Thumb Code   210  usbh_pipes.o(.text.USBH_AllocPipe)
    USBH_BulkReceiveData                     0x08003605   Thumb Code    38  usbh_ioreq.o(.text.USBH_BulkReceiveData)
    USBH_BulkSendData                        0x0800362d   Thumb Code    50  usbh_ioreq.o(.text.USBH_BulkSendData)
    USBH_CDC_LineCodingChanged               0x08003865   Thumb Code     2  usbh_cdc.o(.text.USBH_CDC_LineCodingChanged)
    USBH_CDC_ReceiveCallback                 0x08003a21   Thumb Code     2  usbh_cdc.o(.text.USBH_CDC_ReceiveCallback)
    USBH_CDC_TransmitCallback                0x08003a29   Thumb Code     2  usbh_cdc.o(.text.USBH_CDC_TransmitCallback)
    USBH_ClosePipe                           0x08003a2d   Thumb Code    10  usbh_pipes.o(.text.USBH_ClosePipe)
    USBH_ClrFeature                          0x08003a39   Thumb Code    26  usbh_ctlreq.o(.text.USBH_ClrFeature)
    USBH_CtlReceiveData                      0x08003a55   Thumb Code    38  usbh_ioreq.o(.text.USBH_CtlReceiveData)
    USBH_CtlReq                              0x08003a7d   Thumb Code   506  usbh_ctlreq.o(.text.USBH_CtlReq)
    USBH_CtlSendData                         0x08003c79   Thumb Code    50  usbh_ioreq.o(.text.USBH_CtlSendData)
    USBH_CtlSendSetup                        0x08003cad   Thumb Code    36  usbh_ioreq.o(.text.USBH_CtlSendSetup)
    USBH_Delay                               0x08003cd1   Thumb Code     4  usbh_conf.o(.text.USBH_Delay)
    USBH_FindInterface                       0x08003cd5   Thumb Code   250  usbh_core.o(.text.USBH_FindInterface)
    USBH_FreePipe                            0x08003dd1   Thumb Code    24  usbh_pipes.o(.text.USBH_FreePipe)
    USBH_Get_CfgDesc                         0x08003de9   Thumb Code   656  usbh_ctlreq.o(.text.USBH_Get_CfgDesc)
    USBH_Get_DevDesc                         0x08004079   Thumb Code   190  usbh_ctlreq.o(.text.USBH_Get_DevDesc)
    USBH_Get_StringDesc                      0x08004139   Thumb Code   188  usbh_ctlreq.o(.text.USBH_Get_StringDesc)
    USBH_Init                                0x080041f5   Thumb Code   118  usbh_core.o(.text.USBH_Init)
    USBH_LL_ClosePipe                        0x0800426d   Thumb Code    34  usbh_conf.o(.text.USBH_LL_ClosePipe)
    USBH_LL_Connect                          0x08004291   Thumb Code    22  usbh_core.o(.text.USBH_LL_Connect)
    USBH_LL_Disconnect                       0x080042a9   Thumb Code    46  usbh_core.o(.text.USBH_LL_Disconnect)
    USBH_LL_DriverVBUS                       0x080042d9   Thumb Code    26  usbh_conf.o(.text.USBH_LL_DriverVBUS)
    USBH_LL_GetLastXferSize                  0x080042f5   Thumb Code     8  usbh_conf.o(.text.USBH_LL_GetLastXferSize)
    USBH_LL_GetSpeed                         0x080042fd   Thumb Code    20  usbh_conf.o(.text.USBH_LL_GetSpeed)
    USBH_LL_GetURBState                      0x08004311   Thumb Code     8  usbh_conf.o(.text.USBH_LL_GetURBState)
    USBH_LL_IncTimer                         0x08004319   Thumb Code    30  usbh_core.o(.text.USBH_LL_IncTimer)
    USBH_LL_Init                             0x08004339   Thumb Code    86  usbh_conf.o(.text.USBH_LL_Init)
    USBH_LL_OpenPipe                         0x08004391   Thumb Code    50  usbh_conf.o(.text.USBH_LL_OpenPipe)
    USBH_LL_PortDisabled                     0x080043c5   Thumb Code     8  usbh_core.o(.text.USBH_LL_PortDisabled)
    USBH_LL_PortEnabled                      0x080043cd   Thumb Code     8  usbh_core.o(.text.USBH_LL_PortEnabled)
    USBH_LL_ResetPort                        0x080043d5   Thumb Code    34  usbh_conf.o(.text.USBH_LL_ResetPort)
    USBH_LL_SetTimer                         0x080043f9   Thumb Code     6  usbh_core.o(.text.USBH_LL_SetTimer)
    USBH_LL_SetToggle                        0x08004401   Thumb Code    30  usbh_conf.o(.text.USBH_LL_SetToggle)
    USBH_LL_Start                            0x08004421   Thumb Code    34  usbh_conf.o(.text.USBH_LL_Start)
    USBH_LL_Stop                             0x08004445   Thumb Code    34  usbh_conf.o(.text.USBH_LL_Stop)
    USBH_LL_SubmitURB                        0x08004469   Thumb Code    54  usbh_conf.o(.text.USBH_LL_SubmitURB)
    USBH_OpenPipe                            0x080044a1   Thumb Code    26  usbh_pipes.o(.text.USBH_OpenPipe)
    USBH_Process                             0x080044bd   Thumb Code  1192  usbh_core.o(.text.USBH_Process)
    USBH_RegisterClass                       0x08004965   Thumb Code    26  usbh_core.o(.text.USBH_RegisterClass)
    USBH_SelectInterface                     0x08004981   Thumb Code    18  usbh_core.o(.text.USBH_SelectInterface)
    USBH_SetAddress                          0x08004995   Thumb Code    26  usbh_ctlreq.o(.text.USBH_SetAddress)
    USBH_SetCfg                              0x080049b1   Thumb Code    26  usbh_ctlreq.o(.text.USBH_SetCfg)
    USBH_SetFeature                          0x080049cd   Thumb Code    26  usbh_ctlreq.o(.text.USBH_SetFeature)
    USBH_Start                               0x080049e9   Thumb Code    20  usbh_core.o(.text.USBH_Start)
    USB_CoreInit                             0x08004a39   Thumb Code   530  stm32f4xx_ll_usb.o(.text.USB_CoreInit)
    USB_DisableGlobalInt                     0x08004c4d   Thumb Code    14  stm32f4xx_ll_usb.o(.text.USB_DisableGlobalInt)
    USB_DriveVbus                            0x08004c5d   Thumb Code    76  stm32f4xx_ll_usb.o(.text.USB_DriveVbus)
    USB_EnableGlobalInt                      0x08004ca9   Thumb Code    14  stm32f4xx_ll_usb.o(.text.USB_EnableGlobalInt)
    USB_FlushRxFifo                          0x08004cb9   Thumb Code   190  stm32f4xx_ll_usb.o(.text.USB_FlushRxFifo)
    USB_FlushTxFifo                          0x08004d79   Thumb Code   190  stm32f4xx_ll_usb.o(.text.USB_FlushTxFifo)
    USB_GetCurrentFrame                      0x08004e39   Thumb Code     8  stm32f4xx_ll_usb.o(.text.USB_GetCurrentFrame)
    USB_GetHostSpeed                         0x08004e41   Thumb Code    22  stm32f4xx_ll_usb.o(.text.USB_GetHostSpeed)
    USB_GetMode                              0x08004e59   Thumb Code     8  stm32f4xx_ll_usb.o(.text.USB_GetMode)
    USB_HC_Halt                              0x08004e61   Thumb Code   342  stm32f4xx_ll_usb.o(.text.USB_HC_Halt)
    USB_HC_Init                              0x08004fb9   Thumb Code   292  stm32f4xx_ll_usb.o(.text.USB_HC_Init)
    USB_HC_ReadInterrupt                     0x080050dd   Thumb Code     8  stm32f4xx_ll_usb.o(.text.USB_HC_ReadInterrupt)
    USB_HC_StartXfer                         0x080050e5   Thumb Code   744  stm32f4xx_ll_usb.o(.text.USB_HC_StartXfer)
    USB_HostInit                             0x080053dd   Thumb Code   728  stm32f4xx_ll_usb.o(.text.USB_HostInit)
    USB_InitFSLSPClkSel                      0x080056b5   Thumb Code    64  stm32f4xx_ll_usb.o(.text.USB_InitFSLSPClkSel)
    USB_ReadChInterrupts                     0x080056f5   Thumb Code    16  stm32f4xx_ll_usb.o(.text.USB_ReadChInterrupts)
    USB_ReadInterrupts                       0x08005705   Thumb Code     8  stm32f4xx_ll_usb.o(.text.USB_ReadInterrupts)
    USB_ReadPacket                           0x0800570d   Thumb Code   170  stm32f4xx_ll_usb.o(.text.USB_ReadPacket)
    USB_ResetPort                            0x080057b9   Thumb Code    62  stm32f4xx_ll_usb.o(.text.USB_ResetPort)
    USB_SetCurrentMode                       0x080057f9   Thumb Code   872  stm32f4xx_ll_usb.o(.text.USB_SetCurrentMode)
    USB_StopHost                             0x08005b61   Thumb Code  2360  stm32f4xx_ll_usb.o(.text.USB_StopHost)
    UsageFault_Handler                       0x08006499   Thumb Code     2  stm32f4xx_it.o(.text.UsageFault_Handler)
    main                                     0x0800649d   Thumb Code   906  main.o(.text.main)
    _fp_init                                 0x08006827   Thumb Code    26  fpinit.o(x$fpl$fpinit)
    __fplib_config_fpu_vfp                   0x0800683f   Thumb Code     0  fpinit.o(x$fpl$fpinit)
    __fplib_config_pureend_doubles           0x0800683f   Thumb Code     0  fpinit.o(x$fpl$fpinit)
    AHBPrescTable                            0x08006840   Data          16  system_stm32f4xx.o(.rodata.AHBPrescTable)
    APBPrescTable                            0x08006850   Data           8  system_stm32f4xx.o(.rodata.APBPrescTable)
    Region$$Table$$Base                      0x08006864   Number         0  anon$$obj.o(Region$$Table)
    Region$$Table$$Limit                     0x08006884   Number         0  anon$$obj.o(Region$$Table)
    uwTickFreq                               0x20000000   Data           1  stm32f4xx_hal.o(.data..L_MergedGlobals)
    uwTickPrio                               0x20000004   Data           4  stm32f4xx_hal.o(.data..L_MergedGlobals)
    CDC_Class                                0x20000008   Data          32  usbh_cdc.o(.data.CDC_Class)
    SystemCoreClock                          0x20000028   Data           4  system_stm32f4xx.o(.data.SystemCoreClock)
    __libspace_start                         0x20000030   Data          96  libspace.o(.bss)
    __temporary_stack_top$libspace           0x20000090   Data           0  libspace.o(.bss)
    hdac                                     0x20000090   Data          20  main.o(.bss..L_MergedGlobals)
    hi2s3                                    0x200000a4   Data          72  main.o(.bss..L_MergedGlobals)
    Appli_state                              0x200000ec   Data           1  usb_host.o(.bss.Appli_state)
    hUsbHostFS                               0x200000f0   Data         984  usb_host.o(.bss.hUsbHostFS)
    hdma_spi2_rx                             0x200004c8   Data          96  main.o(.bss.hdma_spi2_rx)
    hdma_spi3_rx                             0x20000528   Data          96  main.o(.bss.hdma_spi3_rx)
    hhcd_USB_OTG_FS                          0x20000588   Data         992  usbh_conf.o(.bss.hhcd_USB_OTG_FS)
    hi2c1                                    0x20000968   Data          84  main.o(.bss.hi2c1)
    hi2s2                                    0x200009bc   Data          72  main.o(.bss.hi2s2)
    htim1                                    0x20000a04   Data          72  main.o(.bss.htim1)
    uwTick                                   0x20002a4c   Data           4  stm32f4xx_hal.o(.bss.uwTick)



==============================================================================

Memory Map of the image

  Image Entry point : 0x08000189

  Load Region LR_IROM1 (Base: 0x08000000, Size: 0x000068b8, Max: 0x00100000, ABSOLUTE)

    Execution Region ER_IROM1 (Exec base: 0x08000000, Load base: 0x08000000, Size: 0x00006884, Max: 0x00100000, ABSOLUTE)

    Exec Addr    Load Addr    Size         Type   Attr      Idx    E Section Name        Object

    0x08000000   0x08000000   0x00000188   Data   RO            3    RESET               startup_stm32f407xx.o
    0x08000188   0x08000188   0x00000008   Code   RO         1600  * !!!main             c_w.l(__main.o)
    0x08000190   0x08000190   0x0000005c   Code   RO         1825    !!!scatter          c_w.l(__scatter.o)
    0x080001ec   0x080001ec   0x0000001a   Code   RO         1829    !!handler_copy      c_w.l(__scatter_copy.o)
    0x08000206   0x08000206   0x00000002   PAD
    0x08000208   0x08000208   0x00000002   Code   RO         1826    !!handler_null      c_w.l(__scatter.o)
    0x0800020a   0x0800020a   0x00000002   PAD
    0x0800020c   0x0800020c   0x0000001c   Code   RO         1831    !!handler_zi        c_w.l(__scatter_zi.o)
    0x08000228   0x08000228   0x00000002   Code   RO         1751    .ARM.Collect$$libinit$$00000000  c_w.l(libinit.o)
    0x0800022a   0x0800022a   0x00000004   Code   RO         1675    .ARM.Collect$$libinit$$00000001  c_w.l(libinit2.o)
    0x0800022e   0x0800022e   0x00000000   Code   RO         1678    .ARM.Collect$$libinit$$00000004  c_w.l(libinit2.o)
    0x0800022e   0x0800022e   0x00000000   Code   RO         1680    .ARM.Collect$$libinit$$00000006  c_w.l(libinit2.o)
    0x0800022e   0x0800022e   0x00000008   Code   RO         1681    .ARM.Collect$$libinit$$00000007  c_w.l(libinit2.o)
    0x08000236   0x08000236   0x00000000   Code   RO         1683    .ARM.Collect$$libinit$$0000000C  c_w.l(libinit2.o)
    0x08000236   0x08000236   0x00000000   Code   RO         1685    .ARM.Collect$$libinit$$0000000E  c_w.l(libinit2.o)
    0x08000236   0x08000236   0x00000000   Code   RO         1687    .ARM.Collect$$libinit$$00000010  c_w.l(libinit2.o)
    0x08000236   0x08000236   0x00000000   Code   RO         1690    .ARM.Collect$$libinit$$00000013  c_w.l(libinit2.o)
    0x08000236   0x08000236   0x00000000   Code   RO         1692    .ARM.Collect$$libinit$$00000015  c_w.l(libinit2.o)
    0x08000236   0x08000236   0x00000000   Code   RO         1694    .ARM.Collect$$libinit$$00000017  c_w.l(libinit2.o)
    0x08000236   0x08000236   0x00000000   Code   RO         1696    .ARM.Collect$$libinit$$00000019  c_w.l(libinit2.o)
    0x08000236   0x08000236   0x00000000   Code   RO         1698    .ARM.Collect$$libinit$$0000001B  c_w.l(libinit2.o)
    0x08000236   0x08000236   0x00000000   Code   RO         1700    .ARM.Collect$$libinit$$0000001D  c_w.l(libinit2.o)
    0x08000236   0x08000236   0x00000000   Code   RO         1702    .ARM.Collect$$libinit$$0000001F  c_w.l(libinit2.o)
    0x08000236   0x08000236   0x00000000   Code   RO         1704    .ARM.Collect$$libinit$$00000021  c_w.l(libinit2.o)
    0x08000236   0x08000236   0x00000000   Code   RO         1706    .ARM.Collect$$libinit$$00000023  c_w.l(libinit2.o)
    0x08000236   0x08000236   0x00000000   Code   RO         1708    .ARM.Collect$$libinit$$00000025  c_w.l(libinit2.o)
    0x08000236   0x08000236   0x00000000   Code   RO         1710    .ARM.Collect$$libinit$$00000027  c_w.l(libinit2.o)
    0x08000236   0x08000236   0x00000000   Code   RO         1714    .ARM.Collect$$libinit$$0000002E  c_w.l(libinit2.o)
    0x08000236   0x08000236   0x00000000   Code   RO         1716    .ARM.Collect$$libinit$$00000030  c_w.l(libinit2.o)
    0x08000236   0x08000236   0x00000000   Code   RO         1718    .ARM.Collect$$libinit$$00000032  c_w.l(libinit2.o)
    0x08000236   0x08000236   0x00000000   Code   RO         1720    .ARM.Collect$$libinit$$00000034  c_w.l(libinit2.o)
    0x08000236   0x08000236   0x00000002   Code   RO         1721    .ARM.Collect$$libinit$$00000035  c_w.l(libinit2.o)
    0x08000238   0x08000238   0x00000002   Code   RO         1822    .ARM.Collect$$libshutdown$$00000000  c_w.l(libshutdown.o)
    0x0800023a   0x0800023a   0x00000000   Code   RO         1778    .ARM.Collect$$libshutdown$$00000002  c_w.l(libshutdown2.o)
    0x0800023a   0x0800023a   0x00000000   Code   RO         1780    .ARM.Collect$$libshutdown$$00000004  c_w.l(libshutdown2.o)
    0x0800023a   0x0800023a   0x00000000   Code   RO         1783    .ARM.Collect$$libshutdown$$00000007  c_w.l(libshutdown2.o)
    0x0800023a   0x0800023a   0x00000000   Code   RO         1786    .ARM.Collect$$libshutdown$$0000000A  c_w.l(libshutdown2.o)
    0x0800023a   0x0800023a   0x00000000   Code   RO         1788    .ARM.Collect$$libshutdown$$0000000C  c_w.l(libshutdown2.o)
    0x0800023a   0x0800023a   0x00000000   Code   RO         1791    .ARM.Collect$$libshutdown$$0000000F  c_w.l(libshutdown2.o)
    0x0800023a   0x0800023a   0x00000002   Code   RO         1792    .ARM.Collect$$libshutdown$$00000010  c_w.l(libshutdown2.o)
    0x0800023c   0x0800023c   0x00000000   Code   RO         1604    .ARM.Collect$$rtentry$$00000000  c_w.l(__rtentry.o)
    0x0800023c   0x0800023c   0x00000000   Code   RO         1640    .ARM.Collect$$rtentry$$00000002  c_w.l(__rtentry2.o)
    0x0800023c   0x0800023c   0x00000006   Code   RO         1652    .ARM.Collect$$rtentry$$00000004  c_w.l(__rtentry4.o)
    0x08000242   0x08000242   0x00000000   Code   RO         1642    .ARM.Collect$$rtentry$$00000009  c_w.l(__rtentry2.o)
    0x08000242   0x08000242   0x00000004   Code   RO         1643    .ARM.Collect$$rtentry$$0000000A  c_w.l(__rtentry2.o)
    0x08000246   0x08000246   0x00000000   Code   RO         1645    .ARM.Collect$$rtentry$$0000000C  c_w.l(__rtentry2.o)
    0x08000246   0x08000246   0x00000008   Code   RO         1646    .ARM.Collect$$rtentry$$0000000D  c_w.l(__rtentry2.o)
    0x0800024e   0x0800024e   0x00000002   Code   RO         1761    .ARM.Collect$$rtexit$$00000000  c_w.l(rtexit.o)
    0x08000250   0x08000250   0x00000000   Code   RO         1798    .ARM.Collect$$rtexit$$00000002  c_w.l(rtexit2.o)
    0x08000250   0x08000250   0x00000004   Code   RO         1799    .ARM.Collect$$rtexit$$00000003  c_w.l(rtexit2.o)
    0x08000254   0x08000254   0x00000006   Code   RO         1800    .ARM.Collect$$rtexit$$00000004  c_w.l(rtexit2.o)
    0x0800025a   0x0800025a   0x00000002   PAD
    0x0800025c   0x0800025c   0x00000040   Code   RO            4    .text               startup_stm32f407xx.o
    0x0800029c   0x0800029c   0x00000028   Code   RO         1536    .text               c_w.l(calloc.o)
    0x080002c4   0x080002c4   0x0000004e   Code   RO         1538    .text               c_w.l(h1_free.o)
    0x08000312   0x08000312   0x000000f0   Code   RO         1592    .text               c_w.l(lludivv7m.o)
    0x08000402   0x08000402   0x00000044   Code   RO         1594    .text               c_w.l(rt_memclr.o)
    0x08000446   0x08000446   0x0000004e   Code   RO         1596    .text               c_w.l(rt_memclr_w.o)
    0x08000494   0x08000494   0x00000006   Code   RO         1598    .text               c_w.l(heapauxi.o)
    0x0800049a   0x0800049a   0x00000002   PAD
    0x0800049c   0x0800049c   0x00000008   Code   RO         1612    .text               c_w.l(rt_heap_descriptor_intlibspace.o)
    0x080004a4   0x080004a4   0x00000004   Code   RO         1614    .text               c_w.l(hguard.o)
    0x080004a8   0x080004a8   0x0000008a   Code   RO         1616    .text               c_w.l(init_alloc.o)
    0x08000532   0x08000532   0x0000005e   Code   RO         1622    .text               c_w.l(h1_alloc.o)
    0x08000590   0x08000590   0x00000008   Code   RO         1636    .text               c_w.l(libspace.o)
    0x08000598   0x08000598   0x00000000   Code   RO         1656    .text               c_w.l(maybetermalloc1.o)
    0x08000598   0x08000598   0x0000000c   Code   RO         1658    .text               c_w.l(h1_init.o)
    0x080005a4   0x080005a4   0x00000034   Code   RO         1660    .text               c_w.l(h1_extend.o)
    0x080005d8   0x080005d8   0x0000000e   Code   RO         1666    .text               c_w.l(defsig_rtmem_outer.o)
    0x080005e6   0x080005e6   0x0000004a   Code   RO         1726    .text               c_w.l(sys_stackheap_outer.o)
    0x08000630   0x08000630   0x00000012   Code   RO         1734    .text               c_w.l(exit.o)
    0x08000642   0x08000642   0x0000000a   Code   RO         1736    .text               c_w.l(defsig_exit.o)
    0x0800064c   0x0800064c   0x00000050   Code   RO         1742    .text               c_w.l(defsig_rtmem_inner.o)
    0x0800069c   0x0800069c   0x0000000c   Code   RO         1754    .text               c_w.l(sys_exit.o)
    0x080006a8   0x080006a8   0x00000002   Code   RO         1758    .text               c_w.l(use_no_semi.o)
    0x080006aa   0x080006aa   0x00000000   Code   RO         1760    .text               c_w.l(indicate_semi.o)
    0x080006aa   0x080006aa   0x00000032   Code   RO         1769    .text               c_w.l(defsig_general.o)
    0x080006dc   0x080006dc   0x0000000e   Code   RO         1793    .text               c_w.l(sys_wrch.o)
    0x080006ea   0x080006ea   0x00000002   PAD
    0x080006ec   0x080006ec   0x00000002   Code   RO           48    .text.BusFault_Handler  stm32f4xx_it.o
    0x080006ee   0x080006ee   0x00000002   PAD
    0x080006f0   0x080006f0   0x0000000c   Code   RO           60    .text.DMA1_Stream0_IRQHandler  stm32f4xx_it.o
    0x080006fc   0x080006fc   0x0000000c   Code   RO           62    .text.DMA1_Stream3_IRQHandler  stm32f4xx_it.o
    0x08000708   0x08000708   0x00000002   Code   RO           54    .text.DebugMon_Handler  stm32f4xx_it.o
    0x0800070a   0x0800070a   0x00000002   PAD
    0x0800070c   0x0800070c   0x00000006   Code   RO           19    .text.Error_Handler  main.o
    0x08000712   0x08000712   0x00000002   PAD
    0x08000714   0x08000714   0x00000060   Code   RO          768    .text.HAL_DAC_ConfigChannel  stm32f4xx_hal_dac.o
    0x08000774   0x08000774   0x00000028   Code   RO          732    .text.HAL_DAC_Init  stm32f4xx_hal_dac.o
    0x0800079c   0x0800079c   0x00000064   Code   RO           75    .text.HAL_DAC_MspInit  stm32f4xx_hal_msp.o
    0x08000800   0x08000800   0x0000002e   Code   RO          758    .text.HAL_DAC_SetValue  stm32f4xx_hal_dac.o
    0x0800082e   0x0800082e   0x00000002   PAD
    0x08000830   0x08000830   0x00000064   Code   RO          740    .text.HAL_DAC_Start  stm32f4xx_hal_dac.o
    0x08000894   0x08000894   0x000001c0   Code   RO          509    .text.HAL_DMA_IRQHandler  stm32f4xx_hal_dma.o
    0x08000a54   0x08000a54   0x00000162   Code   RO          495    .text.HAL_DMA_Init  stm32f4xx_hal_dma.o
    0x08000bb6   0x08000bb6   0x00000002   PAD
    0x08000bb8   0x08000bb8   0x000000a2   Code   RO          501    .text.HAL_DMA_Start_IT  stm32f4xx_hal_dma.o
    0x08000c5a   0x08000c5a   0x00000002   PAD
    0x08000c5c   0x08000c5c   0x00000028   Code   RO          662    .text.HAL_Delay     stm32f4xx_hal.o
    0x08000c84   0x08000c84   0x0000019e   Code   RO          457    .text.HAL_GPIO_Init  stm32f4xx_hal_gpio.o
    0x08000e22   0x08000e22   0x00000002   PAD
    0x08000e24   0x08000e24   0x00000010   Code   RO          465    .text.HAL_GPIO_TogglePin  stm32f4xx_hal_gpio.o
    0x08000e34   0x08000e34   0x0000000a   Code   RO          463    .text.HAL_GPIO_WritePin  stm32f4xx_hal_gpio.o
    0x08000e3e   0x08000e3e   0x00000002   PAD
    0x08000e40   0x08000e40   0x0000000c   Code   RO          654    .text.HAL_GetTick   stm32f4xx_hal.o
    0x08000e4c   0x08000e4c   0x00000008   Code   RO          123    .text.HAL_HCD_Connect_Callback  usbh_conf.o
    0x08000e54   0x08000e54   0x00000008   Code   RO          125    .text.HAL_HCD_Disconnect_Callback  usbh_conf.o
    0x08000e5c   0x08000e5c   0x00000006   Code   RO          229    .text.HAL_HCD_GetCurrentFrame  stm32f4xx_hal_hcd.o
    0x08000e62   0x08000e62   0x00000002   PAD
    0x08000e64   0x08000e64   0x00000006   Code   RO          231    .text.HAL_HCD_GetCurrentSpeed  stm32f4xx_hal_hcd.o
    0x08000e6a   0x08000e6a   0x00000002   PAD
    0x08000e6c   0x08000e6c   0x0000000e   Code   RO          223    .text.HAL_HCD_HC_GetURBState  stm32f4xx_hal_hcd.o
    0x08000e7a   0x08000e7a   0x00000002   PAD
    0x08000e7c   0x08000e7c   0x0000000c   Code   RO          225    .text.HAL_HCD_HC_GetXferCount  stm32f4xx_hal_hcd.o
    0x08000e88   0x08000e88   0x00000024   Code   RO          191    .text.HAL_HCD_HC_Halt  stm32f4xx_hal_hcd.o
    0x08000eac   0x08000eac   0x000000a0   Code   RO          187    .text.HAL_HCD_HC_Init  stm32f4xx_hal_hcd.o
    0x08000f4c   0x08000f4c   0x00000002   Code   RO          127    .text.HAL_HCD_HC_NotifyURBChange_Callback  usbh_conf.o
    0x08000f4e   0x08000f4e   0x00000002   PAD
    0x08000f50   0x08000f50   0x000000a8   Code   RO          197    .text.HAL_HCD_HC_SubmitRequest  stm32f4xx_hal_hcd.o
    0x08000ff8   0x08000ff8   0x0000095c   Code   RO          199    .text.HAL_HCD_IRQHandler  stm32f4xx_hal_hcd.o
    0x08001954   0x08001954   0x0000008a   Code   RO          183    .text.HAL_HCD_Init  stm32f4xx_hal_hcd.o
    0x080019de   0x080019de   0x00000002   PAD
    0x080019e0   0x080019e0   0x00000098   Code   RO          117    .text.HAL_HCD_MspInit  usbh_conf.o
    0x08001a78   0x08001a78   0x00000008   Code   RO          131    .text.HAL_HCD_PortDisabled_Callback  usbh_conf.o
    0x08001a80   0x08001a80   0x00000008   Code   RO          129    .text.HAL_HCD_PortEnabled_Callback  usbh_conf.o
    0x08001a88   0x08001a88   0x00000006   Code   RO          219    .text.HAL_HCD_ResetPort  stm32f4xx_hal_hcd.o
    0x08001a8e   0x08001a8e   0x00000002   PAD
    0x08001a90   0x08001a90   0x00000008   Code   RO          121    .text.HAL_HCD_SOF_Callback  usbh_conf.o
    0x08001a98   0x08001a98   0x0000002a   Code   RO          215    .text.HAL_HCD_Start  stm32f4xx_hal_hcd.o
    0x08001ac2   0x08001ac2   0x00000002   PAD
    0x08001ac4   0x08001ac4   0x00000024   Code   RO          217    .text.HAL_HCD_Stop  stm32f4xx_hal_hcd.o
    0x08001ae8   0x08001ae8   0x00000164   Code   RO          816    .text.HAL_I2C_Init  stm32f4xx_hal_i2c.o
    0x08001c4c   0x08001c4c   0x0000006c   Code   RO           79    .text.HAL_I2C_MspInit  stm32f4xx_hal_msp.o
    0x08001cb8   0x08001cb8   0x00000276   Code   RO         1031    .text.HAL_I2SEx_FullDuplex_IRQHandler  stm32f4xx_hal_i2s_ex.o
    0x08001f2e   0x08001f2e   0x00000002   PAD
    0x08001f30   0x08001f30   0x00000002   Code   RO         1035    .text.HAL_I2SEx_TxRxCpltCallback  stm32f4xx_hal_i2s_ex.o
    0x08001f32   0x08001f32   0x00000002   PAD
    0x08001f34   0x08001f34   0x00000002   Code   RO         1005    .text.HAL_I2S_ErrorCallback  stm32f4xx_hal_i2s.o
    0x08001f36   0x08001f36   0x00000002   PAD
    0x08001f38   0x08001f38   0x00000172   Code   RO          955    .text.HAL_I2S_Init  stm32f4xx_hal_i2s.o
    0x080020aa   0x080020aa   0x00000002   PAD
    0x080020ac   0x080020ac   0x000001bc   Code   RO           83    .text.HAL_I2S_MspInit  stm32f4xx_hal_msp.o
    0x08002268   0x08002268   0x000000ea   Code   RO          983    .text.HAL_I2S_Receive_DMA  stm32f4xx_hal_i2s.o
    0x08002352   0x08002352   0x00000002   PAD
    0x08002354   0x08002354   0x0000006a   Code   RO           23    .text.HAL_I2S_RxCpltCallback  main.o
    0x080023be   0x080023be   0x00000002   PAD
    0x080023c0   0x080023c0   0x0000006a   Code   RO           21    .text.HAL_I2S_RxHalfCpltCallback  main.o
    0x0800242a   0x0800242a   0x00000002   PAD
    0x0800242c   0x0800242c   0x00000002   Code   RO          999    .text.HAL_I2S_TxCpltCallback  stm32f4xx_hal_i2s.o
    0x0800242e   0x0800242e   0x00000002   PAD
    0x08002430   0x08002430   0x0000001a   Code   RO          652    .text.HAL_IncTick   stm32f4xx_hal.o
    0x0800244a   0x0800244a   0x00000002   PAD
    0x0800244c   0x0800244c   0x00000036   Code   RO          642    .text.HAL_Init      stm32f4xx_hal.o
    0x08002482   0x08002482   0x00000002   PAD
    0x08002484   0x08002484   0x00000048   Code   RO          644    .text.HAL_InitTick  stm32f4xx_hal.o
    0x080024cc   0x080024cc   0x0000003c   Code   RO           73    .text.HAL_MspInit   stm32f4xx_hal_msp.o
    0x08002508   0x08002508   0x00000022   Code   RO          594    .text.HAL_NVIC_EnableIRQ  stm32f4xx_hal_cortex.o
    0x0800252a   0x0800252a   0x00000002   PAD
    0x0800252c   0x0800252c   0x00000056   Code   RO          592    .text.HAL_NVIC_SetPriority  stm32f4xx_hal_cortex.o
    0x08002582   0x08002582   0x00000002   PAD
    0x08002584   0x08002584   0x00000020   Code   RO          590    .text.HAL_NVIC_SetPriorityGrouping  stm32f4xx_hal_cortex.o
    0x080025a4   0x080025a4   0x00000058   Code   RO          387    .text.HAL_RCCEx_GetPeriphCLKFreq  stm32f4xx_hal_rcc_ex.o
    0x080025fc   0x080025fc   0x0000014a   Code   RO          383    .text.HAL_RCCEx_PeriphCLKConfig  stm32f4xx_hal_rcc_ex.o
    0x08002746   0x08002746   0x00000002   PAD
    0x08002748   0x08002748   0x00000164   Code   RO          351    .text.HAL_RCC_ClockConfig  stm32f4xx_hal_rcc.o
    0x080028ac   0x080028ac   0x00000026   Code   RO          363    .text.HAL_RCC_GetPCLK1Freq  stm32f4xx_hal_rcc.o
    0x080028d2   0x080028d2   0x00000002   PAD
    0x080028d4   0x080028d4   0x0000006c   Code   RO          353    .text.HAL_RCC_GetSysClockFreq  stm32f4xx_hal_rcc.o
    0x08002940   0x08002940   0x000003b0   Code   RO          349    .text.HAL_RCC_OscConfig  stm32f4xx_hal_rcc.o
    0x08002cf0   0x08002cf0   0x0000002c   Code   RO          602    .text.HAL_SYSTICK_Config  stm32f4xx_hal_cortex.o
    0x08002d1c   0x08002d1c   0x00000050   Code   RO         1342    .text.HAL_TIMEx_ConfigBreakDeadTime  stm32f4xx_hal_tim_ex.o
    0x08002d6c   0x08002d6c   0x000000ba   Code   RO         1340    .text.HAL_TIMEx_MasterConfigSynchronization  stm32f4xx_hal_tim_ex.o
    0x08002e26   0x08002e26   0x00000002   PAD
    0x08002e28   0x08002e28   0x00000054   Code   RO           89    .text.HAL_TIM_MspPostInit  stm32f4xx_hal_msp.o
    0x08002e7c   0x08002e7c   0x00000224   Code   RO         1199    .text.HAL_TIM_PWM_ConfigChannel  stm32f4xx_hal_tim.o
    0x080030a0   0x080030a0   0x0000005a   Code   RO         1099    .text.HAL_TIM_PWM_Init  stm32f4xx_hal_tim.o
    0x080030fa   0x080030fa   0x00000002   PAD
    0x080030fc   0x080030fc   0x00000032   Code   RO           87    .text.HAL_TIM_PWM_MspInit  stm32f4xx_hal_msp.o
    0x0800312e   0x0800312e   0x00000002   PAD
    0x08003130   0x08003130   0x00000002   Code   RO           44    .text.HardFault_Handler  stm32f4xx_it.o
    0x08003132   0x08003132   0x00000002   PAD
    0x08003134   0x08003134   0x00000024   Code   RO          981    .text.I2S_DMAError  stm32f4xx_hal_i2s.o
    0x08003158   0x08003158   0x00000024   Code   RO          987    .text.I2S_DMARxCplt  stm32f4xx_hal_i2s.o
    0x0800317c   0x0800317c   0x00000006   Code   RO          985    .text.I2S_DMARxHalfCplt  stm32f4xx_hal_i2s.o
    0x08003182   0x08003182   0x00000002   PAD
    0x08003184   0x08003184   0x00000104   Code   RO          957    .text.I2S_IRQHandler  stm32f4xx_hal_i2s.o
    0x08003288   0x08003288   0x00000018   Code   RO          174    .text.MX_DriverVbusFS  usbh_platform.o
    0x080032a0   0x080032a0   0x00000056   Code   RO          101    .text.MX_USB_HOST_Init  usb_host.o
    0x080032f6   0x080032f6   0x00000002   PAD
    0x080032f8   0x080032f8   0x0000000c   Code   RO          105    .text.MX_USB_HOST_Process  usb_host.o
    0x08003304   0x08003304   0x00000002   Code   RO           46    .text.MemManage_Handler  stm32f4xx_it.o
    0x08003306   0x08003306   0x00000002   PAD
    0x08003308   0x08003308   0x00000002   Code   RO           42    .text.NMI_Handler   stm32f4xx_it.o
    0x0800330a   0x0800330a   0x00000002   PAD
    0x0800330c   0x0800330c   0x0000000c   Code   RO           64    .text.OTG_FS_IRQHandler  stm32f4xx_it.o
    0x08003318   0x08003318   0x00000002   Code   RO           56    .text.PendSV_Handler  stm32f4xx_it.o
    0x0800331a   0x0800331a   0x00000002   PAD
    0x0800331c   0x0800331c   0x00000002   Code   RO           52    .text.SVC_Handler   stm32f4xx_it.o
    0x0800331e   0x0800331e   0x00000002   PAD
    0x08003320   0x08003320   0x00000004   Code   RO           58    .text.SysTick_Handler  stm32f4xx_it.o
    0x08003324   0x08003324   0x000000ac   Code   RO           15    .text.SystemClock_Config  main.o
    0x080033d0   0x080033d0   0x00000012   Code   RO         1364    .text.SystemInit    system_stm32f4xx.o
    0x080033e2   0x080033e2   0x00000002   PAD
    0x080033e4   0x080033e4   0x0000014c   Code   RO         1049    .text.TIM_Base_SetConfig  stm32f4xx_hal_tim.o
    0x08003530   0x08003530   0x000000d2   Code   RO         1483    .text.USBH_AllocPipe  usbh_pipes.o
    0x08003602   0x08003602   0x00000002   PAD
    0x08003604   0x08003604   0x00000026   Code   RO         1461    .text.USBH_BulkReceiveData  usbh_ioreq.o
    0x0800362a   0x0800362a   0x00000002   PAD
    0x0800362c   0x0800362c   0x00000032   Code   RO         1459    .text.USBH_BulkSendData  usbh_ioreq.o
    0x0800365e   0x0800365e   0x00000002   PAD
    0x08003660   0x08003660   0x0000003e   Code   RO         1499    .text.USBH_CDC_ClassRequest  usbh_cdc.o
    0x0800369e   0x0800369e   0x00000002   PAD
    0x080036a0   0x080036a0   0x00000064   Code   RO         1497    .text.USBH_CDC_InterfaceDeInit  usbh_cdc.o
    0x08003704   0x08003704   0x0000015e   Code   RO         1495    .text.USBH_CDC_InterfaceInit  usbh_cdc.o
    0x08003862   0x08003862   0x00000002   PAD
    0x08003864   0x08003864   0x00000002   Code   RO         1521    .text.USBH_CDC_LineCodingChanged  usbh_cdc.o
    0x08003866   0x08003866   0x00000002   PAD
    0x08003868   0x08003868   0x000001b8   Code   RO         1501    .text.USBH_CDC_Process  usbh_cdc.o
    0x08003a20   0x08003a20   0x00000002   Code   RO         1519    .text.USBH_CDC_ReceiveCallback  usbh_cdc.o
    0x08003a22   0x08003a22   0x00000002   PAD
    0x08003a24   0x08003a24   0x00000004   Code   RO         1503    .text.USBH_CDC_SOFProcess  usbh_cdc.o
    0x08003a28   0x08003a28   0x00000002   Code   RO         1517    .text.USBH_CDC_TransmitCallback  usbh_cdc.o
    0x08003a2a   0x08003a2a   0x00000002   PAD
    0x08003a2c   0x08003a2c   0x0000000a   Code   RO         1481    .text.USBH_ClosePipe  usbh_pipes.o
    0x08003a36   0x08003a36   0x00000002   PAD
    0x08003a38   0x08003a38   0x0000001a   Code   RO         1441    .text.USBH_ClrFeature  usbh_ctlreq.o
    0x08003a52   0x08003a52   0x00000002   PAD
    0x08003a54   0x08003a54   0x00000026   Code   RO         1457    .text.USBH_CtlReceiveData  usbh_ioreq.o
    0x08003a7a   0x08003a7a   0x00000002   PAD
    0x08003a7c   0x08003a7c   0x000001fa   Code   RO         1431    .text.USBH_CtlReq   usbh_ctlreq.o
    0x08003c76   0x08003c76   0x00000002   PAD
    0x08003c78   0x08003c78   0x00000032   Code   RO         1455    .text.USBH_CtlSendData  usbh_ioreq.o
    0x08003caa   0x08003caa   0x00000002   PAD
    0x08003cac   0x08003cac   0x00000024   Code   RO         1453    .text.USBH_CtlSendSetup  usbh_ioreq.o
    0x08003cd0   0x08003cd0   0x00000004   Code   RO          163    .text.USBH_Delay    usbh_conf.o
    0x08003cd4   0x08003cd4   0x000000fa   Code   RO         1389    .text.USBH_FindInterface  usbh_core.o
    0x08003dce   0x08003dce   0x00000002   PAD
    0x08003dd0   0x08003dd0   0x00000018   Code   RO         1485    .text.USBH_FreePipe  usbh_pipes.o
    0x08003de8   0x08003de8   0x00000290   Code   RO         1427    .text.USBH_Get_CfgDesc  usbh_ctlreq.o
    0x08004078   0x08004078   0x000000be   Code   RO         1423    .text.USBH_Get_DevDesc  usbh_ctlreq.o
    0x08004136   0x08004136   0x00000002   PAD
    0x08004138   0x08004138   0x000000bc   Code   RO         1429    .text.USBH_Get_StringDesc  usbh_ctlreq.o
    0x080041f4   0x080041f4   0x00000076   Code   RO         1379    .text.USBH_Init     usbh_core.o
    0x0800426a   0x0800426a   0x00000002   PAD
    0x0800426c   0x0800426c   0x00000022   Code   RO          151    .text.USBH_LL_ClosePipe  usbh_conf.o
    0x0800428e   0x0800428e   0x00000002   PAD
    0x08004290   0x08004290   0x00000016   Code   RO         1411    .text.USBH_LL_Connect  usbh_core.o
    0x080042a6   0x080042a6   0x00000002   PAD
    0x080042a8   0x080042a8   0x0000002e   Code   RO         1413    .text.USBH_LL_Disconnect  usbh_core.o
    0x080042d6   0x080042d6   0x00000002   PAD
    0x080042d8   0x080042d8   0x0000001a   Code   RO          157    .text.USBH_LL_DriverVBUS  usbh_conf.o
    0x080042f2   0x080042f2   0x00000002   PAD
    0x080042f4   0x080042f4   0x00000008   Code   RO          147    .text.USBH_LL_GetLastXferSize  usbh_conf.o
    0x080042fc   0x080042fc   0x00000014   Code   RO          143    .text.USBH_LL_GetSpeed  usbh_conf.o
    0x08004310   0x08004310   0x00000008   Code   RO          155    .text.USBH_LL_GetURBState  usbh_conf.o
    0x08004318   0x08004318   0x0000001e   Code   RO         1405    .text.USBH_LL_IncTimer  usbh_core.o
    0x08004336   0x08004336   0x00000002   PAD
    0x08004338   0x08004338   0x00000056   Code   RO          133    .text.USBH_LL_Init  usbh_conf.o
    0x0800438e   0x0800438e   0x00000002   PAD
    0x08004390   0x08004390   0x00000032   Code   RO          149    .text.USBH_LL_OpenPipe  usbh_conf.o
    0x080043c2   0x080043c2   0x00000002   PAD
    0x080043c4   0x080043c4   0x00000008   Code   RO         1409    .text.USBH_LL_PortDisabled  usbh_core.o
    0x080043cc   0x080043cc   0x00000008   Code   RO         1407    .text.USBH_LL_PortEnabled  usbh_core.o
    0x080043d4   0x080043d4   0x00000022   Code   RO          145    .text.USBH_LL_ResetPort  usbh_conf.o
    0x080043f6   0x080043f6   0x00000002   PAD
    0x080043f8   0x080043f8   0x00000006   Code   RO         1403    .text.USBH_LL_SetTimer  usbh_core.o
    0x080043fe   0x080043fe   0x00000002   PAD
    0x08004400   0x08004400   0x0000001e   Code   RO          159    .text.USBH_LL_SetToggle  usbh_conf.o
    0x0800441e   0x0800441e   0x00000002   PAD
    0x08004420   0x08004420   0x00000022   Code   RO          139    .text.USBH_LL_Start  usbh_conf.o
    0x08004442   0x08004442   0x00000002   PAD
    0x08004444   0x08004444   0x00000022   Code   RO          141    .text.USBH_LL_Stop  usbh_conf.o
    0x08004466   0x08004466   0x00000002   PAD
    0x08004468   0x08004468   0x00000036   Code   RO          153    .text.USBH_LL_SubmitURB  usbh_conf.o
    0x0800449e   0x0800449e   0x00000002   PAD
    0x080044a0   0x080044a0   0x0000001a   Code   RO         1479    .text.USBH_OpenPipe  usbh_pipes.o
    0x080044ba   0x080044ba   0x00000002   PAD
    0x080044bc   0x080044bc   0x000004a8   Code   RO         1401    .text.USBH_Process  usbh_core.o
    0x08004964   0x08004964   0x0000001a   Code   RO         1383    .text.USBH_RegisterClass  usbh_core.o
    0x0800497e   0x0800497e   0x00000002   PAD
    0x08004980   0x08004980   0x00000012   Code   RO         1385    .text.USBH_SelectInterface  usbh_core.o
    0x08004992   0x08004992   0x00000002   PAD
    0x08004994   0x08004994   0x0000001a   Code   RO         1433    .text.USBH_SetAddress  usbh_ctlreq.o
    0x080049ae   0x080049ae   0x00000002   PAD
    0x080049b0   0x080049b0   0x0000001a   Code   RO         1435    .text.USBH_SetCfg   usbh_ctlreq.o
    0x080049ca   0x080049ca   0x00000002   PAD
    0x080049cc   0x080049cc   0x0000001a   Code   RO         1439    .text.USBH_SetFeature  usbh_ctlreq.o
    0x080049e6   0x080049e6   0x00000002   PAD
    0x080049e8   0x080049e8   0x00000014   Code   RO         1393    .text.USBH_Start    usbh_core.o
    0x080049fc   0x080049fc   0x0000003a   Code   RO          103    .text.USBH_UserProcess  usb_host.o
    0x08004a36   0x08004a36   0x00000002   PAD
    0x08004a38   0x08004a38   0x00000212   Code   RO          243    .text.USB_CoreInit  stm32f4xx_ll_usb.o
    0x08004c4a   0x08004c4a   0x00000002   PAD
    0x08004c4c   0x08004c4c   0x0000000e   Code   RO          249    .text.USB_DisableGlobalInt  stm32f4xx_ll_usb.o
    0x08004c5a   0x08004c5a   0x00000002   PAD
    0x08004c5c   0x08004c5c   0x0000004c   Code   RO          317    .text.USB_DriveVbus  stm32f4xx_ll_usb.o
    0x08004ca8   0x08004ca8   0x0000000e   Code   RO          247    .text.USB_EnableGlobalInt  stm32f4xx_ll_usb.o
    0x08004cb6   0x08004cb6   0x00000002   PAD
    0x08004cb8   0x08004cb8   0x000000be   Code   RO          261    .text.USB_FlushRxFifo  stm32f4xx_ll_usb.o
    0x08004d76   0x08004d76   0x00000002   PAD
    0x08004d78   0x08004d78   0x000000be   Code   RO          259    .text.USB_FlushTxFifo  stm32f4xx_ll_usb.o
    0x08004e36   0x08004e36   0x00000002   PAD
    0x08004e38   0x08004e38   0x00000008   Code   RO          321    .text.USB_GetCurrentFrame  stm32f4xx_ll_usb.o
    0x08004e40   0x08004e40   0x00000016   Code   RO          319    .text.USB_GetHostSpeed  stm32f4xx_ll_usb.o
    0x08004e56   0x08004e56   0x00000002   PAD
    0x08004e58   0x08004e58   0x00000008   Code   RO          253    .text.USB_GetMode   stm32f4xx_ll_usb.o
    0x08004e60   0x08004e60   0x00000156   Code   RO          331    .text.USB_HC_Halt   stm32f4xx_ll_usb.o
    0x08004fb6   0x08004fb6   0x00000002   PAD
    0x08004fb8   0x08004fb8   0x00000124   Code   RO          323    .text.USB_HC_Init   stm32f4xx_ll_usb.o
    0x080050dc   0x080050dc   0x00000008   Code   RO          329    .text.USB_HC_ReadInterrupt  stm32f4xx_ll_usb.o
    0x080050e4   0x080050e4   0x000002f8   Code   RO          325    .text.USB_HC_StartXfer  stm32f4xx_ll_usb.o
    0x080053dc   0x080053dc   0x000002d8   Code   RO          311    .text.USB_HostInit  stm32f4xx_ll_usb.o
    0x080056b4   0x080056b4   0x00000040   Code   RO          313    .text.USB_InitFSLSPClkSel  stm32f4xx_ll_usb.o
    0x080056f4   0x080056f4   0x00000010   Code   RO          295    .text.USB_ReadChInterrupts  stm32f4xx_ll_usb.o
    0x08005704   0x08005704   0x00000008   Code   RO          293    .text.USB_ReadInterrupts  stm32f4xx_ll_usb.o
    0x0800570c   0x0800570c   0x000000aa   Code   RO          279    .text.USB_ReadPacket  stm32f4xx_ll_usb.o
    0x080057b6   0x080057b6   0x00000002   PAD
    0x080057b8   0x080057b8   0x0000003e   Code   RO          315    .text.USB_ResetPort  stm32f4xx_ll_usb.o
    0x080057f6   0x080057f6   0x00000002   PAD
    0x080057f8   0x080057f8   0x00000368   Code   RO          251    .text.USB_SetCurrentMode  stm32f4xx_ll_usb.o
    0x08005b60   0x08005b60   0x00000938   Code   RO          333    .text.USB_StopHost  stm32f4xx_ll_usb.o
    0x08006498   0x08006498   0x00000002   Code   RO           50    .text.UsageFault_Handler  stm32f4xx_it.o
    0x0800649a   0x0800649a   0x00000002   PAD
    0x0800649c   0x0800649c   0x0000038a   Code   RO           13    .text.main          main.o
    0x08006826   0x08006826   0x0000001a   Code   RO         1752    x$fpl$fpinit        fz_wm.l(fpinit.o)
    0x08006840   0x08006840   0x00000010   Data   RO         1369    .rodata.AHBPrescTable  system_stm32f4xx.o
    0x08006850   0x08006850   0x00000008   Data   RO         1370    .rodata.APBPrescTable  system_stm32f4xx.o
    0x08006858   0x08006858   0x00000008   Data   RO          519    .rodata.cst8        stm32f4xx_hal_dma.o
    0x08006860   0x08006860   0x00000004   Data   RO         1523    .rodata.str1.1      usbh_cdc.o
    0x08006864   0x08006864   0x00000020   Data   RO         1824    Region$$Table       anon$$obj.o


    Execution Region RW_IRAM1 (Exec base: 0x20000000, Load base: 0x08006888, Size: 0x00003050, Max: 0x0001c000, ABSOLUTE)

    Exec Addr    Load Addr    Size         Type   Attr      Idx    E Section Name        Object

    0x20000000   0x08006888   0x00000008   Data   RW          697    .data..L_MergedGlobals  stm32f4xx_hal.o
    0x20000008   0x08006890   0x00000020   Data   RW         1524    .data.CDC_Class     usbh_cdc.o
    0x20000028   0x080068b0   0x00000004   Data   RW         1368    .data.SystemCoreClock  system_stm32f4xx.o
    0x2000002c   0x080068b4   0x00000004   PAD
    0x20000030        -       0x00000060   Zero   RW         1637    .bss                c_w.l(libspace.o)
    0x20000090        -       0x0000005c   Zero   RW           33    .bss..L_MergedGlobals  main.o
    0x200000ec        -       0x00000001   Zero   RW          107    .bss.Appli_state    usb_host.o
    0x200000ed   0x080068b4   0x00000003   PAD
    0x200000f0        -       0x000003d8   Zero   RW          108    .bss.hUsbHostFS     usb_host.o
    0x200004c8        -       0x00000060   Zero   RW           29    .bss.hdma_spi2_rx   main.o
    0x20000528        -       0x00000060   Zero   RW           30    .bss.hdma_spi3_rx   main.o
    0x20000588        -       0x000003e0   Zero   RW          165    .bss.hhcd_USB_OTG_FS  usbh_conf.o
    0x20000968        -       0x00000054   Zero   RW           28    .bss.hi2c1          main.o
    0x200009bc        -       0x00000048   Zero   RW           26    .bss.hi2s2          main.o
    0x20000a04        -       0x00000048   Zero   RW           31    .bss.htim1          main.o
    0x20000a4c        -       0x00001000   Zero   RW           25    .bss.i2s_buffer_mic1  main.o
    0x20001a4c        -       0x00001000   Zero   RW           27    .bss.i2s_buffer_mic2  main.o
    0x20002a4c        -       0x00000004   Zero   RW          696    .bss.uwTick         stm32f4xx_hal.o
    0x20002a50        -       0x00000200   Zero   RW            2    HEAP                startup_stm32f407xx.o
    0x20002c50        -       0x00000400   Zero   RW            1    STACK               startup_stm32f407xx.o


    Execution Region RW_IRAM2 (Exec base: 0x2001c000, Load base: 0x080068b8, Size: 0x00000000, Max: 0x00004000, ABSOLUTE)

    **** No section assigned to this execution region ****


==============================================================================

Image component sizes


      Code (inc. data)   RO Data    RW Data    ZI Data      Debug   Object Name

      1296          0          0          0       8704      18200   main.o
        64         26        392          0       1536        876   startup_stm32f407xx.o
       204          0          0          8          4       7330   stm32f4xx_hal.o
       196          0          0          0          0      10784   stm32f4xx_hal_cortex.o
       282          0          0          0          0       7973   stm32f4xx_hal_dac.o
       964          6          8          0          0      10761   stm32f4xx_hal_dma.o
       440          0          0          0          0       5358   stm32f4xx_hal_gpio.o
      3020         38          0          0          0      15250   stm32f4xx_hal_hcd.o
       356          0          0          0          0      43893   stm32f4xx_hal_i2c.o
       946          0          0          0          0      14346   stm32f4xx_hal_i2s.o
       632          0          0          0          0       9740   stm32f4xx_hal_i2s_ex.o
       846          0          0          0          0      10991   stm32f4xx_hal_msp.o
      1446          0          0          0          0       7474   stm32f4xx_hal_rcc.o
       418          0          0          0          0       4435   stm32f4xx_hal_rcc_ex.o
       970          6          0          0          0      55599   stm32f4xx_hal_tim.o
       266          0          0          0          0      21049   stm32f4xx_hal_tim_ex.o
        56          0          0          0          0       5533   stm32f4xx_it.o
      6734         24          0          0          0      39832   stm32f4xx_ll_usb.o
        18          0         24          4          0       2674   system_stm32f4xx.o
       156          0          0          0        985       5829   usb_host.o
       962          8          4         32          0      13113   usbh_cdc.o
       616          0          0          0        992      18390   usbh_conf.o
      1744         40          0          0          0      12457   usbh_core.o
      1644         30          0          0          0      14319   usbh_ctlreq.o
       212          0          0          0          0       8238   usbh_ioreq.o
       270          0          0          0          0       6643   usbh_pipes.o
        24          0          0          0          0       1403   usbh_platform.o

    ----------------------------------------------------------------------
     24954        178        460         44      12228     372490   Object Totals
         0          0         32          0          0          0   (incl. Generated)
       172          0          0          0          7          0   (incl. Padding)

    ----------------------------------------------------------------------

      Code (inc. data)   RO Data    RW Data    ZI Data      Debug   Library Member Name

         8          0          0          0          0         68   __main.o
         0          0          0          0          0          0   __rtentry.o
        12          0          0          0          0          0   __rtentry2.o
         6          0          0          0          0          0   __rtentry4.o
        94          8          0          0          0          0   __scatter.o
        26          0          0          0          0          0   __scatter_copy.o
        28          0          0          0          0          0   __scatter_zi.o
        40          0          0          0          0         80   calloc.o
        10          0          0          0          0         68   defsig_exit.o
        50          0          0          0          0         88   defsig_general.o
        80         58          0          0          0         76   defsig_rtmem_inner.o
        14          0          0          0          0         80   defsig_rtmem_outer.o
        18          0          0          0          0         80   exit.o
        94          0          0          0          0         80   h1_alloc.o
        52          0          0          0          0         68   h1_extend.o
        78          0          0          0          0         80   h1_free.o
        12          0          0          0          0         84   h1_init.o
         6          0          0          0          0        152   heapauxi.o
         4          0          0          0          0        136   hguard.o
         0          0          0          0          0          0   indicate_semi.o
       138          0          0          0          0        168   init_alloc.o
         2          0          0          0          0          0   libinit.o
        14          0          0          0          0          0   libinit2.o
         2          0          0          0          0          0   libshutdown.o
         2          0          0          0          0          0   libshutdown2.o
         8          4          0          0         96         68   libspace.o
       240          0          0          0          0        100   lludivv7m.o
         0          0          0          0          0          0   maybetermalloc1.o
         8          4          0          0          0         68   rt_heap_descriptor_intlibspace.o
        68          0          0          0          0         68   rt_memclr.o
        78          0          0          0          0         80   rt_memclr_w.o
         2          0          0          0          0          0   rtexit.o
        10          0          0          0          0          0   rtexit2.o
        12          4          0          0          0         68   sys_exit.o
        74          0          0          0          0         80   sys_stackheap_outer.o
        14          0          0          0          0         76   sys_wrch.o
         2          0          0          0          0         68   use_no_semi.o
        26          0          0          0          0        116   fpinit.o

    ----------------------------------------------------------------------
      1342         78          0          0         96       2100   Library Totals
        10          0          0          0          0          0   (incl. Padding)

    ----------------------------------------------------------------------

      Code (inc. data)   RO Data    RW Data    ZI Data      Debug   Library Name

      1306         78          0          0         96       1984   c_w.l
        26          0          0          0          0        116   fz_wm.l

    ----------------------------------------------------------------------
      1342         78          0          0         96       2100   Library Totals

    ----------------------------------------------------------------------

==============================================================================


      Code (inc. data)   RO Data    RW Data    ZI Data      Debug   

     26296        256        460         44      12324     373118   Grand Totals
     26296        256        460         44      12324     373118   ELF Image Totals
     26296        256        460         44          0          0   ROM Totals

==============================================================================

    Total RO  Size (Code + RO Data)                26756 (  26.13kB)
    Total RW  Size (RW Data + ZI Data)             12368 (  12.08kB)
    Total ROM Size (Code + RO Data + RW Data)      26800 (  26.17kB)

==============================================================================

