../Core/Src/main.c:100:6:HAL_I2S_RxHalfCpltCallback	16	static
../Core/Src/main.c:107:6:HAL_I2S_RxCpltCallback	16	static
../Core/Src/main.c:138:6:processData	32	static
../Core/Src/main.c:223:5:main	32	static
../Core/Src/main.c:316:6:SystemClock_Config	88	static
../Core/Src/main.c:363:13:MX_DAC_Init	16	static
../Core/Src/main.c:403:13:MX_I2C3_Init	8	static
../Core/Src/main.c:437:13:MX_I2S3_Init	8	static
../Core/Src/main.c:469:13:MX_DMA_Init	16	static
../Core/Src/main.c:487:13:MX_GPIO_Init	24	static
../Core/Src/main.c:524:6:HAL_TIM_PeriodElapsedCallback	16	static
../Core/Src/main.c:541:6:Error_Handler	4	static,ignoring_inline_asm
