../Core/Src/main.c:111:6:HAL_I2S_RxHalfCpltCallback	16	static
../Core/Src/main.c:118:6:HAL_I2S_RxCpltCallback	16	static
../Core/Src/main.c:123:6:processDataNoDelay	16	static
../Core/Src/main.c:150:6:processData	24	static
../Core/Src/main.c:228:5:main	24	static
../Core/Src/main.c:324:6:SystemClock_Config	88	static
../Core/Src/main.c:370:6:PeriphCommonClock_Config	104	static
../Core/Src/main.c:396:13:MX_DAC_Init	16	static
../Core/Src/main.c:436:13:MX_I2C3_Init	8	static
../Core/Src/main.c:470:13:MX_I2S1_Init	8	static
../Core/Src/main.c:504:13:MX_I2S2_Init	8	static
../Core/Src/main.c:538:13:MX_I2S3_Init	8	static
../Core/Src/main.c:570:13:MX_DMA_Init	16	static
../Core/Src/main.c:594:13:MX_GPIO_Init	48	static
../Core/Src/main.c:642:6:HAL_TIM_PeriodElapsedCallback	16	static
../Core/Src/main.c:659:6:Error_Handler	4	static,ignoring_inline_asm
