../Core/Src/stm32f4xx_it.c:67:6:check_stack_overflow2	8	static
../Core/Src/stm32f4xx_it.c:98:6:NMI_Handler	4	static
../Core/Src/stm32f4xx_it.c:113:6:HardFault_Handler	8	static,ignoring_inline_asm
../Core/Src/stm32f4xx_it.c:137:6:MemManage_Handler	4	static
../Core/Src/stm32f4xx_it.c:152:6:BusFault_Handler	4	static
../Core/Src/stm32f4xx_it.c:167:6:UsageFault_Handler	4	static
../Core/Src/stm32f4xx_it.c:182:6:SVC_Handler	4	static
../Core/Src/stm32f4xx_it.c:195:6:DebugMon_Handler	4	static
../Core/Src/stm32f4xx_it.c:208:6:PendSV_Handler	4	static
../Core/Src/stm32f4xx_it.c:221:6:SysTick_Handler	4	static
../Core/Src/stm32f4xx_it.c:242:6:DMA1_Stream0_IRQHandler	8	static
../Core/Src/stm32f4xx_it.c:257:6:DMA1_Stream3_IRQHandler	8	static
../Core/Src/stm32f4xx_it.c:271:6:DMA1_Stream6_IRQHandler	8	static
../Core/Src/stm32f4xx_it.c:285:6:TIM2_IRQHandler	8	static
../Core/Src/stm32f4xx_it.c:298:6:HardFault_HandlerC	24	static,ignoring_inline_asm
