../Core/Src/stm32f4xx_it.c:67:6:check_stack_overflow2	8	static
../Core/Src/stm32f4xx_it.c:99:6:NMI_Handler	4	static
../Core/Src/stm32f4xx_it.c:114:6:HardFault_Handler	8	static,ignoring_inline_asm
../Core/Src/stm32f4xx_it.c:138:6:MemManage_Handler	4	static
../Core/Src/stm32f4xx_it.c:153:6:BusFault_Handler	4	static
../Core/Src/stm32f4xx_it.c:168:6:UsageFault_Handler	4	static
../Core/Src/stm32f4xx_it.c:183:6:SVC_Handler	4	static
../Core/Src/stm32f4xx_it.c:196:6:DebugMon_Handler	4	static
../Core/Src/stm32f4xx_it.c:209:6:PendSV_Handler	4	static
../Core/Src/stm32f4xx_it.c:222:6:SysTick_Handler	4	static
../Core/Src/stm32f4xx_it.c:243:6:DMA1_Stream0_IRQHandler	8	static
../Core/Src/stm32f4xx_it.c:258:6:DMA1_Stream3_IRQHandler	8	static
../Core/Src/stm32f4xx_it.c:272:6:DMA1_Stream6_IRQHandler	8	static
../Core/Src/stm32f4xx_it.c:286:6:TIM2_IRQHandler	8	static
../Core/Src/stm32f4xx_it.c:300:6:DMA2_Stream0_IRQHandler	8	static
../Core/Src/stm32f4xx_it.c:313:6:HardFault_HandlerC	24	static,ignoring_inline_asm
